[     734ms] Error: Minified React error #425; visit https://reactjs.org/docs/error-decoder.html?invariant=425 for the full message or use the non-minified dev environment for full errors and additional helpful warnings.
    at Jr (https://www.asics.com/us/mobify/bundle/9928/react-ecosystem.js:2:55927)
    at Qu (https://www.asics.com/us/mobify/bundle/9928/react-ecosystem.js:2:97098)
    at bs (https://www.asics.com/us/mobify/bundle/9928/react-ecosystem.js:2:121213)
    at ys (https://www.asics.com/us/mobify/bundle/9928/react-ecosystem.js:2:120953)
    at vs (https://www.asics.com/us/mobify/bundle/9928/react-ecosystem.js:2:120820)
    at ms (https://www.asics.com/us/mobify/bundle/9928/react-ecosystem.js:2:120683)
    at rs (https://www.asics.com/us/mobify/bundle/9928/react-ecosystem.js:2:115848)
    at S (https://www.asics.com/us/mobify/bundle/9928/react-ecosystem.js:2:142327)
    at MessagePort.L (https://www.asics.com/us/mobify/bundle/9928/react-ecosystem.js:2:142859)
[     735ms] Error: Minified React error #418; visit https://reactjs.org/docs/error-decoder.html?invariant=418 for the full message or use the non-minified dev environment for full errors and additional helpful warnings.
    at sa (https://www.asics.com/us/mobify/bundle/9928/react-ecosystem.js:2:60737)
    at Si (https://www.asics.com/us/mobify/bundle/9928/react-ecosystem.js:2:133330)
    at ys (https://www.asics.com/us/mobify/bundle/9928/react-ecosystem.js:2:120892)
    at vs (https://www.asics.com/us/mobify/bundle/9928/react-ecosystem.js:2:120820)
    at ms (https://www.asics.com/us/mobify/bundle/9928/react-ecosystem.js:2:120683)
    at rs (https://www.asics.com/us/mobify/bundle/9928/react-ecosystem.js:2:115848)
    at S (https://www.asics.com/us/mobify/bundle/9928/react-ecosystem.js:2:142327)
    at MessagePort.L (https://www.asics.com/us/mobify/bundle/9928/react-ecosystem.js:2:142859)
[     735ms] Error: Minified React error #418; visit https://reactjs.org/docs/error-decoder.html?invariant=418 for the full message or use the non-minified dev environment for full errors and additional helpful warnings.
    at sa (https://www.asics.com/us/mobify/bundle/9928/react-ecosystem.js:2:60737)
    at Si (https://www.asics.com/us/mobify/bundle/9928/react-ecosystem.js:2:133330)
    at ys (https://www.asics.com/us/mobify/bundle/9928/react-ecosystem.js:2:120892)
    at vs (https://www.asics.com/us/mobify/bundle/9928/react-ecosystem.js:2:120820)
    at ms (https://www.asics.com/us/mobify/bundle/9928/react-ecosystem.js:2:120683)
    at rs (https://www.asics.com/us/mobify/bundle/9928/react-ecosystem.js:2:115848)
    at S (https://www.asics.com/us/mobify/bundle/9928/react-ecosystem.js:2:142327)
    at MessagePort.L (https://www.asics.com/us/mobify/bundle/9928/react-ecosystem.js:2:142859)
[     735ms] Error: Minified React error #418; visit https://reactjs.org/docs/error-decoder.html?invariant=418 for the full message or use the non-minified dev environment for full errors and additional helpful warnings.
    at sa (https://www.asics.com/us/mobify/bundle/9928/react-ecosystem.js:2:60737)
    at Si (https://www.asics.com/us/mobify/bundle/9928/react-ecosystem.js:2:133330)
    at ys (https://www.asics.com/us/mobify/bundle/9928/react-ecosystem.js:2:120892)
    at vs (https://www.asics.com/us/mobify/bundle/9928/react-ecosystem.js:2:120820)
    at ms (https://www.asics.com/us/mobify/bundle/9928/react-ecosystem.js:2:120683)
    at rs (https://www.asics.com/us/mobify/bundle/9928/react-ecosystem.js:2:115848)
    at S (https://www.asics.com/us/mobify/bundle/9928/react-ecosystem.js:2:142327)
    at MessagePort.L (https://www.asics.com/us/mobify/bundle/9928/react-ecosystem.js:2:142859)
[     735ms] Error: Minified React error #418; visit https://reactjs.org/docs/error-decoder.html?invariant=418 for the full message or use the non-minified dev environment for full errors and additional helpful warnings.
    at sa (https://www.asics.com/us/mobify/bundle/9928/react-ecosystem.js:2:60737)
    at Si (https://www.asics.com/us/mobify/bundle/9928/react-ecosystem.js:2:133330)
    at ys (https://www.asics.com/us/mobify/bundle/9928/react-ecosystem.js:2:120892)
    at vs (https://www.asics.com/us/mobify/bundle/9928/react-ecosystem.js:2:120820)
    at ms (https://www.asics.com/us/mobify/bundle/9928/react-ecosystem.js:2:120683)
    at rs (https://www.asics.com/us/mobify/bundle/9928/react-ecosystem.js:2:115848)
    at S (https://www.asics.com/us/mobify/bundle/9928/react-ecosystem.js:2:142327)
    at MessagePort.L (https://www.asics.com/us/mobify/bundle/9928/react-ecosystem.js:2:142859)
[     735ms] Error: Minified React error #418; visit https://reactjs.org/docs/error-decoder.html?invariant=418 for the full message or use the non-minified dev environment for full errors and additional helpful warnings.
    at sa (https://www.asics.com/us/mobify/bundle/9928/react-ecosystem.js:2:60737)
    at Si (https://www.asics.com/us/mobify/bundle/9928/react-ecosystem.js:2:133330)
    at ys (https://www.asics.com/us/mobify/bundle/9928/react-ecosystem.js:2:120892)
    at vs (https://www.asics.com/us/mobify/bundle/9928/react-ecosystem.js:2:120820)
    at ms (https://www.asics.com/us/mobify/bundle/9928/react-ecosystem.js:2:120683)
    at rs (https://www.asics.com/us/mobify/bundle/9928/react-ecosystem.js:2:115848)
    at S (https://www.asics.com/us/mobify/bundle/9928/react-ecosystem.js:2:142327)
    at MessagePort.L (https://www.asics.com/us/mobify/bundle/9928/react-ecosystem.js:2:142859)
[     735ms] Error: Minified React error #418; visit https://reactjs.org/docs/error-decoder.html?invariant=418 for the full message or use the non-minified dev environment for full errors and additional helpful warnings.
    at sa (https://www.asics.com/us/mobify/bundle/9928/react-ecosystem.js:2:60737)
    at Si (https://www.asics.com/us/mobify/bundle/9928/react-ecosystem.js:2:133330)
    at ys (https://www.asics.com/us/mobify/bundle/9928/react-ecosystem.js:2:120892)
    at vs (https://www.asics.com/us/mobify/bundle/9928/react-ecosystem.js:2:120820)
    at ms (https://www.asics.com/us/mobify/bundle/9928/react-ecosystem.js:2:120683)
    at rs (https://www.asics.com/us/mobify/bundle/9928/react-ecosystem.js:2:115848)
    at S (https://www.asics.com/us/mobify/bundle/9928/react-ecosystem.js:2:142327)
    at MessagePort.L (https://www.asics.com/us/mobify/bundle/9928/react-ecosystem.js:2:142859)
[     735ms] Error: Minified React error #418; visit https://reactjs.org/docs/error-decoder.html?invariant=418 for the full message or use the non-minified dev environment for full errors and additional helpful warnings.
    at sa (https://www.asics.com/us/mobify/bundle/9928/react-ecosystem.js:2:60737)
    at Si (https://www.asics.com/us/mobify/bundle/9928/react-ecosystem.js:2:133330)
    at ys (https://www.asics.com/us/mobify/bundle/9928/react-ecosystem.js:2:120892)
    at vs (https://www.asics.com/us/mobify/bundle/9928/react-ecosystem.js:2:120820)
    at ms (https://www.asics.com/us/mobify/bundle/9928/react-ecosystem.js:2:120683)
    at rs (https://www.asics.com/us/mobify/bundle/9928/react-ecosystem.js:2:115848)
    at S (https://www.asics.com/us/mobify/bundle/9928/react-ecosystem.js:2:142327)
    at MessagePort.L (https://www.asics.com/us/mobify/bundle/9928/react-ecosystem.js:2:142859)
[     735ms] Error: Minified React error #418; visit https://reactjs.org/docs/error-decoder.html?invariant=418 for the full message or use the non-minified dev environment for full errors and additional helpful warnings.
    at sa (https://www.asics.com/us/mobify/bundle/9928/react-ecosystem.js:2:60737)
    at Si (https://www.asics.com/us/mobify/bundle/9928/react-ecosystem.js:2:133330)
    at ys (https://www.asics.com/us/mobify/bundle/9928/react-ecosystem.js:2:120892)
    at vs (https://www.asics.com/us/mobify/bundle/9928/react-ecosystem.js:2:120820)
    at ms (https://www.asics.com/us/mobify/bundle/9928/react-ecosystem.js:2:120683)
    at rs (https://www.asics.com/us/mobify/bundle/9928/react-ecosystem.js:2:115848)
    at S (https://www.asics.com/us/mobify/bundle/9928/react-ecosystem.js:2:142327)
    at MessagePort.L (https://www.asics.com/us/mobify/bundle/9928/react-ecosystem.js:2:142859)
[     735ms] Error: Minified React error #418; visit https://reactjs.org/docs/error-decoder.html?invariant=418 for the full message or use the non-minified dev environment for full errors and additional helpful warnings.
    at sa (https://www.asics.com/us/mobify/bundle/9928/react-ecosystem.js:2:60737)
    at Si (https://www.asics.com/us/mobify/bundle/9928/react-ecosystem.js:2:133330)
    at ys (https://www.asics.com/us/mobify/bundle/9928/react-ecosystem.js:2:120892)
    at vs (https://www.asics.com/us/mobify/bundle/9928/react-ecosystem.js:2:120820)
    at ms (https://www.asics.com/us/mobify/bundle/9928/react-ecosystem.js:2:120683)
    at rs (https://www.asics.com/us/mobify/bundle/9928/react-ecosystem.js:2:115848)
    at S (https://www.asics.com/us/mobify/bundle/9928/react-ecosystem.js:2:142327)
    at MessagePort.L (https://www.asics.com/us/mobify/bundle/9928/react-ecosystem.js:2:142859)
[     735ms] Error: Minified React error #418; visit https://reactjs.org/docs/error-decoder.html?invariant=418 for the full message or use the non-minified dev environment for full errors and additional helpful warnings.
    at sa (https://www.asics.com/us/mobify/bundle/9928/react-ecosystem.js:2:60737)
    at Si (https://www.asics.com/us/mobify/bundle/9928/react-ecosystem.js:2:133330)
    at ys (https://www.asics.com/us/mobify/bundle/9928/react-ecosystem.js:2:120892)
    at vs (https://www.asics.com/us/mobify/bundle/9928/react-ecosystem.js:2:120820)
    at ms (https://www.asics.com/us/mobify/bundle/9928/react-ecosystem.js:2:120683)
    at rs (https://www.asics.com/us/mobify/bundle/9928/react-ecosystem.js:2:115848)
    at S (https://www.asics.com/us/mobify/bundle/9928/react-ecosystem.js:2:142327)
    at MessagePort.L (https://www.asics.com/us/mobify/bundle/9928/react-ecosystem.js:2:142859)
[     735ms] Error: Minified React error #418; visit https://reactjs.org/docs/error-decoder.html?invariant=418 for the full message or use the non-minified dev environment for full errors and additional helpful warnings.
    at sa (https://www.asics.com/us/mobify/bundle/9928/react-ecosystem.js:2:60737)
    at Si (https://www.asics.com/us/mobify/bundle/9928/react-ecosystem.js:2:133330)
    at ys (https://www.asics.com/us/mobify/bundle/9928/react-ecosystem.js:2:120892)
    at vs (https://www.asics.com/us/mobify/bundle/9928/react-ecosystem.js:2:120820)
    at ms (https://www.asics.com/us/mobify/bundle/9928/react-ecosystem.js:2:120683)
    at rs (https://www.asics.com/us/mobify/bundle/9928/react-ecosystem.js:2:115848)
    at S (https://www.asics.com/us/mobify/bundle/9928/react-ecosystem.js:2:142327)
    at MessagePort.L (https://www.asics.com/us/mobify/bundle/9928/react-ecosystem.js:2:142859)
[     735ms] Error: Minified React error #418; visit https://reactjs.org/docs/error-decoder.html?invariant=418 for the full message or use the non-minified dev environment for full errors and additional helpful warnings.
    at sa (https://www.asics.com/us/mobify/bundle/9928/react-ecosystem.js:2:60737)
    at Si (https://www.asics.com/us/mobify/bundle/9928/react-ecosystem.js:2:133330)
    at ys (https://www.asics.com/us/mobify/bundle/9928/react-ecosystem.js:2:120892)
    at vs (https://www.asics.com/us/mobify/bundle/9928/react-ecosystem.js:2:120820)
    at ms (https://www.asics.com/us/mobify/bundle/9928/react-ecosystem.js:2:120683)
    at rs (https://www.asics.com/us/mobify/bundle/9928/react-ecosystem.js:2:115848)
    at S (https://www.asics.com/us/mobify/bundle/9928/react-ecosystem.js:2:142327)
    at MessagePort.L (https://www.asics.com/us/mobify/bundle/9928/react-ecosystem.js:2:142859)
[     735ms] Error: Minified React error #418; visit https://reactjs.org/docs/error-decoder.html?invariant=418 for the full message or use the non-minified dev environment for full errors and additional helpful warnings.
    at sa (https://www.asics.com/us/mobify/bundle/9928/react-ecosystem.js:2:60737)
    at Si (https://www.asics.com/us/mobify/bundle/9928/react-ecosystem.js:2:133330)
    at ys (https://www.asics.com/us/mobify/bundle/9928/react-ecosystem.js:2:120892)
    at vs (https://www.asics.com/us/mobify/bundle/9928/react-ecosystem.js:2:120820)
    at ms (https://www.asics.com/us/mobify/bundle/9928/react-ecosystem.js:2:120683)
    at rs (https://www.asics.com/us/mobify/bundle/9928/react-ecosystem.js:2:115848)
    at S (https://www.asics.com/us/mobify/bundle/9928/react-ecosystem.js:2:142327)
    at MessagePort.L (https://www.asics.com/us/mobify/bundle/9928/react-ecosystem.js:2:142859)
[     735ms] Error: Minified React error #418; visit https://reactjs.org/docs/error-decoder.html?invariant=418 for the full message or use the non-minified dev environment for full errors and additional helpful warnings.
    at sa (https://www.asics.com/us/mobify/bundle/9928/react-ecosystem.js:2:60737)
    at Si (https://www.asics.com/us/mobify/bundle/9928/react-ecosystem.js:2:133330)
    at ys (https://www.asics.com/us/mobify/bundle/9928/react-ecosystem.js:2:120892)
    at vs (https://www.asics.com/us/mobify/bundle/9928/react-ecosystem.js:2:120820)
    at ms (https://www.asics.com/us/mobify/bundle/9928/react-ecosystem.js:2:120683)
    at rs (https://www.asics.com/us/mobify/bundle/9928/react-ecosystem.js:2:115848)
    at S (https://www.asics.com/us/mobify/bundle/9928/react-ecosystem.js:2:142327)
    at MessagePort.L (https://www.asics.com/us/mobify/bundle/9928/react-ecosystem.js:2:142859)
[     735ms] Error: Minified React error #418; visit https://reactjs.org/docs/error-decoder.html?invariant=418 for the full message or use the non-minified dev environment for full errors and additional helpful warnings.
    at sa (https://www.asics.com/us/mobify/bundle/9928/react-ecosystem.js:2:60737)
    at Si (https://www.asics.com/us/mobify/bundle/9928/react-ecosystem.js:2:133330)
    at ys (https://www.asics.com/us/mobify/bundle/9928/react-ecosystem.js:2:120892)
    at vs (https://www.asics.com/us/mobify/bundle/9928/react-ecosystem.js:2:120820)
    at ms (https://www.asics.com/us/mobify/bundle/9928/react-ecosystem.js:2:120683)
    at rs (https://www.asics.com/us/mobify/bundle/9928/react-ecosystem.js:2:115848)
    at S (https://www.asics.com/us/mobify/bundle/9928/react-ecosystem.js:2:142327)
    at MessagePort.L (https://www.asics.com/us/mobify/bundle/9928/react-ecosystem.js:2:142859)
[     735ms] Error: Minified React error #418; visit https://reactjs.org/docs/error-decoder.html?invariant=418 for the full message or use the non-minified dev environment for full errors and additional helpful warnings.
    at sa (https://www.asics.com/us/mobify/bundle/9928/react-ecosystem.js:2:60737)
    at Si (https://www.asics.com/us/mobify/bundle/9928/react-ecosystem.js:2:133330)
    at ys (https://www.asics.com/us/mobify/bundle/9928/react-ecosystem.js:2:120892)
    at vs (https://www.asics.com/us/mobify/bundle/9928/react-ecosystem.js:2:120820)
    at ms (https://www.asics.com/us/mobify/bundle/9928/react-ecosystem.js:2:120683)
    at rs (https://www.asics.com/us/mobify/bundle/9928/react-ecosystem.js:2:115848)
    at S (https://www.asics.com/us/mobify/bundle/9928/react-ecosystem.js:2:142327)
    at MessagePort.L (https://www.asics.com/us/mobify/bundle/9928/react-ecosystem.js:2:142859)
[     735ms] Error: Minified React error #418; visit https://reactjs.org/docs/error-decoder.html?invariant=418 for the full message or use the non-minified dev environment for full errors and additional helpful warnings.
    at sa (https://www.asics.com/us/mobify/bundle/9928/react-ecosystem.js:2:60737)
    at Si (https://www.asics.com/us/mobify/bundle/9928/react-ecosystem.js:2:133330)
    at ys (https://www.asics.com/us/mobify/bundle/9928/react-ecosystem.js:2:120892)
    at vs (https://www.asics.com/us/mobify/bundle/9928/react-ecosystem.js:2:120820)
    at ms (https://www.asics.com/us/mobify/bundle/9928/react-ecosystem.js:2:120683)
    at rs (https://www.asics.com/us/mobify/bundle/9928/react-ecosystem.js:2:115848)
    at S (https://www.asics.com/us/mobify/bundle/9928/react-ecosystem.js:2:142327)
    at MessagePort.L (https://www.asics.com/us/mobify/bundle/9928/react-ecosystem.js:2:142859)
[     736ms] Error: Minified React error #418; visit https://reactjs.org/docs/error-decoder.html?invariant=418 for the full message or use the non-minified dev environment for full errors and additional helpful warnings.
    at sa (https://www.asics.com/us/mobify/bundle/9928/react-ecosystem.js:2:60737)
    at Si (https://www.asics.com/us/mobify/bundle/9928/react-ecosystem.js:2:133330)
    at ys (https://www.asics.com/us/mobify/bundle/9928/react-ecosystem.js:2:120892)
    at vs (https://www.asics.com/us/mobify/bundle/9928/react-ecosystem.js:2:120820)
    at ms (https://www.asics.com/us/mobify/bundle/9928/react-ecosystem.js:2:120683)
    at rs (https://www.asics.com/us/mobify/bundle/9928/react-ecosystem.js:2:115848)
    at S (https://www.asics.com/us/mobify/bundle/9928/react-ecosystem.js:2:142327)
    at MessagePort.L (https://www.asics.com/us/mobify/bundle/9928/react-ecosystem.js:2:142859)
[     736ms] Error: Minified React error #418; visit https://reactjs.org/docs/error-decoder.html?invariant=418 for the full message or use the non-minified dev environment for full errors and additional helpful warnings.
    at sa (https://www.asics.com/us/mobify/bundle/9928/react-ecosystem.js:2:60737)
    at Si (https://www.asics.com/us/mobify/bundle/9928/react-ecosystem.js:2:133330)
    at ys (https://www.asics.com/us/mobify/bundle/9928/react-ecosystem.js:2:120892)
    at vs (https://www.asics.com/us/mobify/bundle/9928/react-ecosystem.js:2:120820)
    at ms (https://www.asics.com/us/mobify/bundle/9928/react-ecosystem.js:2:120683)
    at rs (https://www.asics.com/us/mobify/bundle/9928/react-ecosystem.js:2:115848)
    at S (https://www.asics.com/us/mobify/bundle/9928/react-ecosystem.js:2:142327)
    at MessagePort.L (https://www.asics.com/us/mobify/bundle/9928/react-ecosystem.js:2:142859)
[     736ms] Error: Minified React error #418; visit https://reactjs.org/docs/error-decoder.html?invariant=418 for the full message or use the non-minified dev environment for full errors and additional helpful warnings.
    at sa (https://www.asics.com/us/mobify/bundle/9928/react-ecosystem.js:2:60737)
    at Si (https://www.asics.com/us/mobify/bundle/9928/react-ecosystem.js:2:133330)
    at ys (https://www.asics.com/us/mobify/bundle/9928/react-ecosystem.js:2:120892)
    at vs (https://www.asics.com/us/mobify/bundle/9928/react-ecosystem.js:2:120820)
    at ms (https://www.asics.com/us/mobify/bundle/9928/react-ecosystem.js:2:120683)
    at rs (https://www.asics.com/us/mobify/bundle/9928/react-ecosystem.js:2:115848)
    at S (https://www.asics.com/us/mobify/bundle/9928/react-ecosystem.js:2:142327)
    at MessagePort.L (https://www.asics.com/us/mobify/bundle/9928/react-ecosystem.js:2:142859)
[     736ms] Error: Minified React error #418; visit https://reactjs.org/docs/error-decoder.html?invariant=418 for the full message or use the non-minified dev environment for full errors and additional helpful warnings.
    at sa (https://www.asics.com/us/mobify/bundle/9928/react-ecosystem.js:2:60737)
    at Si (https://www.asics.com/us/mobify/bundle/9928/react-ecosystem.js:2:133330)
    at ys (https://www.asics.com/us/mobify/bundle/9928/react-ecosystem.js:2:120892)
    at vs (https://www.asics.com/us/mobify/bundle/9928/react-ecosystem.js:2:120820)
    at ms (https://www.asics.com/us/mobify/bundle/9928/react-ecosystem.js:2:120683)
    at rs (https://www.asics.com/us/mobify/bundle/9928/react-ecosystem.js:2:115848)
    at S (https://www.asics.com/us/mobify/bundle/9928/react-ecosystem.js:2:142327)
    at MessagePort.L (https://www.asics.com/us/mobify/bundle/9928/react-ecosystem.js:2:142859)
[     736ms] Error: Minified React error #418; visit https://reactjs.org/docs/error-decoder.html?invariant=418 for the full message or use the non-minified dev environment for full errors and additional helpful warnings.
    at sa (https://www.asics.com/us/mobify/bundle/9928/react-ecosystem.js:2:60737)
    at Si (https://www.asics.com/us/mobify/bundle/9928/react-ecosystem.js:2:133330)
    at ys (https://www.asics.com/us/mobify/bundle/9928/react-ecosystem.js:2:120892)
    at vs (https://www.asics.com/us/mobify/bundle/9928/react-ecosystem.js:2:120820)
    at ms (https://www.asics.com/us/mobify/bundle/9928/react-ecosystem.js:2:120683)
    at rs (https://www.asics.com/us/mobify/bundle/9928/react-ecosystem.js:2:115848)
    at S (https://www.asics.com/us/mobify/bundle/9928/react-ecosystem.js:2:142327)
    at MessagePort.L (https://www.asics.com/us/mobify/bundle/9928/react-ecosystem.js:2:142859)
[     736ms] Error: Minified React error #418; visit https://reactjs.org/docs/error-decoder.html?invariant=418 for the full message or use the non-minified dev environment for full errors and additional helpful warnings.
    at sa (https://www.asics.com/us/mobify/bundle/9928/react-ecosystem.js:2:60737)
    at Si (https://www.asics.com/us/mobify/bundle/9928/react-ecosystem.js:2:133330)
    at ys (https://www.asics.com/us/mobify/bundle/9928/react-ecosystem.js:2:120892)
    at vs (https://www.asics.com/us/mobify/bundle/9928/react-ecosystem.js:2:120820)
    at ms (https://www.asics.com/us/mobify/bundle/9928/react-ecosystem.js:2:120683)
    at rs (https://www.asics.com/us/mobify/bundle/9928/react-ecosystem.js:2:115848)
    at S (https://www.asics.com/us/mobify/bundle/9928/react-ecosystem.js:2:142327)
    at MessagePort.L (https://www.asics.com/us/mobify/bundle/9928/react-ecosystem.js:2:142859)
[     736ms] Error: Minified React error #418; visit https://reactjs.org/docs/error-decoder.html?invariant=418 for the full message or use the non-minified dev environment for full errors and additional helpful warnings.
    at sa (https://www.asics.com/us/mobify/bundle/9928/react-ecosystem.js:2:60737)
    at Si (https://www.asics.com/us/mobify/bundle/9928/react-ecosystem.js:2:133330)
    at ys (https://www.asics.com/us/mobify/bundle/9928/react-ecosystem.js:2:120892)
    at vs (https://www.asics.com/us/mobify/bundle/9928/react-ecosystem.js:2:120820)
    at ms (https://www.asics.com/us/mobify/bundle/9928/react-ecosystem.js:2:120683)
    at rs (https://www.asics.com/us/mobify/bundle/9928/react-ecosystem.js:2:115848)
    at S (https://www.asics.com/us/mobify/bundle/9928/react-ecosystem.js:2:142327)
    at MessagePort.L (https://www.asics.com/us/mobify/bundle/9928/react-ecosystem.js:2:142859)
[     736ms] Error: Minified React error #418; visit https://reactjs.org/docs/error-decoder.html?invariant=418 for the full message or use the non-minified dev environment for full errors and additional helpful warnings.
    at sa (https://www.asics.com/us/mobify/bundle/9928/react-ecosystem.js:2:60737)
    at Si (https://www.asics.com/us/mobify/bundle/9928/react-ecosystem.js:2:133330)
    at ys (https://www.asics.com/us/mobify/bundle/9928/react-ecosystem.js:2:120892)
    at vs (https://www.asics.com/us/mobify/bundle/9928/react-ecosystem.js:2:120820)
    at ms (https://www.asics.com/us/mobify/bundle/9928/react-ecosystem.js:2:120683)
    at rs (https://www.asics.com/us/mobify/bundle/9928/react-ecosystem.js:2:115848)
    at S (https://www.asics.com/us/mobify/bundle/9928/react-ecosystem.js:2:142327)
    at MessagePort.L (https://www.asics.com/us/mobify/bundle/9928/react-ecosystem.js:2:142859)
[     736ms] Error: Minified React error #418; visit https://reactjs.org/docs/error-decoder.html?invariant=418 for the full message or use the non-minified dev environment for full errors and additional helpful warnings.
    at sa (https://www.asics.com/us/mobify/bundle/9928/react-ecosystem.js:2:60737)
    at Si (https://www.asics.com/us/mobify/bundle/9928/react-ecosystem.js:2:133330)
    at ys (https://www.asics.com/us/mobify/bundle/9928/react-ecosystem.js:2:120892)
    at vs (https://www.asics.com/us/mobify/bundle/9928/react-ecosystem.js:2:120820)
    at ms (https://www.asics.com/us/mobify/bundle/9928/react-ecosystem.js:2:120683)
    at rs (https://www.asics.com/us/mobify/bundle/9928/react-ecosystem.js:2:115848)
    at S (https://www.asics.com/us/mobify/bundle/9928/react-ecosystem.js:2:142327)
    at MessagePort.L (https://www.asics.com/us/mobify/bundle/9928/react-ecosystem.js:2:142859)
[     736ms] Error: Minified React error #418; visit https://reactjs.org/docs/error-decoder.html?invariant=418 for the full message or use the non-minified dev environment for full errors and additional helpful warnings.
    at sa (https://www.asics.com/us/mobify/bundle/9928/react-ecosystem.js:2:60737)
    at Si (https://www.asics.com/us/mobify/bundle/9928/react-ecosystem.js:2:133330)
    at ys (https://www.asics.com/us/mobify/bundle/9928/react-ecosystem.js:2:120892)
    at vs (https://www.asics.com/us/mobify/bundle/9928/react-ecosystem.js:2:120820)
    at ms (https://www.asics.com/us/mobify/bundle/9928/react-ecosystem.js:2:120683)
    at rs (https://www.asics.com/us/mobify/bundle/9928/react-ecosystem.js:2:115848)
    at S (https://www.asics.com/us/mobify/bundle/9928/react-ecosystem.js:2:142327)
    at MessagePort.L (https://www.asics.com/us/mobify/bundle/9928/react-ecosystem.js:2:142859)
[     736ms] Error: Minified React error #418; visit https://reactjs.org/docs/error-decoder.html?invariant=418 for the full message or use the non-minified dev environment for full errors and additional helpful warnings.
    at sa (https://www.asics.com/us/mobify/bundle/9928/react-ecosystem.js:2:60737)
    at Si (https://www.asics.com/us/mobify/bundle/9928/react-ecosystem.js:2:133330)
    at ys (https://www.asics.com/us/mobify/bundle/9928/react-ecosystem.js:2:120892)
    at vs (https://www.asics.com/us/mobify/bundle/9928/react-ecosystem.js:2:120820)
    at ms (https://www.asics.com/us/mobify/bundle/9928/react-ecosystem.js:2:120683)
    at rs (https://www.asics.com/us/mobify/bundle/9928/react-ecosystem.js:2:115848)
    at S (https://www.asics.com/us/mobify/bundle/9928/react-ecosystem.js:2:142327)
    at MessagePort.L (https://www.asics.com/us/mobify/bundle/9928/react-ecosystem.js:2:142859)
[     736ms] Error: Minified React error #418; visit https://reactjs.org/docs/error-decoder.html?invariant=418 for the full message or use the non-minified dev environment for full errors and additional helpful warnings.
    at sa (https://www.asics.com/us/mobify/bundle/9928/react-ecosystem.js:2:60737)
    at Si (https://www.asics.com/us/mobify/bundle/9928/react-ecosystem.js:2:133330)
    at ys (https://www.asics.com/us/mobify/bundle/9928/react-ecosystem.js:2:120892)
    at vs (https://www.asics.com/us/mobify/bundle/9928/react-ecosystem.js:2:120820)
    at ms (https://www.asics.com/us/mobify/bundle/9928/react-ecosystem.js:2:120683)
    at rs (https://www.asics.com/us/mobify/bundle/9928/react-ecosystem.js:2:115848)
    at S (https://www.asics.com/us/mobify/bundle/9928/react-ecosystem.js:2:142327)
    at MessagePort.L (https://www.asics.com/us/mobify/bundle/9928/react-ecosystem.js:2:142859)
[     736ms] Error: Minified React error #418; visit https://reactjs.org/docs/error-decoder.html?invariant=418 for the full message or use the non-minified dev environment for full errors and additional helpful warnings.
    at sa (https://www.asics.com/us/mobify/bundle/9928/react-ecosystem.js:2:60737)
    at Si (https://www.asics.com/us/mobify/bundle/9928/react-ecosystem.js:2:133330)
    at ys (https://www.asics.com/us/mobify/bundle/9928/react-ecosystem.js:2:120892)
    at vs (https://www.asics.com/us/mobify/bundle/9928/react-ecosystem.js:2:120820)
    at ms (https://www.asics.com/us/mobify/bundle/9928/react-ecosystem.js:2:120683)
    at rs (https://www.asics.com/us/mobify/bundle/9928/react-ecosystem.js:2:115848)
    at S (https://www.asics.com/us/mobify/bundle/9928/react-ecosystem.js:2:142327)
    at MessagePort.L (https://www.asics.com/us/mobify/bundle/9928/react-ecosystem.js:2:142859)
[     736ms] Error: Minified React error #418; visit https://reactjs.org/docs/error-decoder.html?invariant=418 for the full message or use the non-minified dev environment for full errors and additional helpful warnings.
    at sa (https://www.asics.com/us/mobify/bundle/9928/react-ecosystem.js:2:60737)
    at Si (https://www.asics.com/us/mobify/bundle/9928/react-ecosystem.js:2:133330)
    at ys (https://www.asics.com/us/mobify/bundle/9928/react-ecosystem.js:2:120892)
    at vs (https://www.asics.com/us/mobify/bundle/9928/react-ecosystem.js:2:120820)
    at ms (https://www.asics.com/us/mobify/bundle/9928/react-ecosystem.js:2:120683)
    at rs (https://www.asics.com/us/mobify/bundle/9928/react-ecosystem.js:2:115848)
    at S (https://www.asics.com/us/mobify/bundle/9928/react-ecosystem.js:2:142327)
    at MessagePort.L (https://www.asics.com/us/mobify/bundle/9928/react-ecosystem.js:2:142859)
[     736ms] Error: Minified React error #418; visit https://reactjs.org/docs/error-decoder.html?invariant=418 for the full message or use the non-minified dev environment for full errors and additional helpful warnings.
    at sa (https://www.asics.com/us/mobify/bundle/9928/react-ecosystem.js:2:60737)
    at Si (https://www.asics.com/us/mobify/bundle/9928/react-ecosystem.js:2:133330)
    at ys (https://www.asics.com/us/mobify/bundle/9928/react-ecosystem.js:2:120892)
    at vs (https://www.asics.com/us/mobify/bundle/9928/react-ecosystem.js:2:120820)
    at ms (https://www.asics.com/us/mobify/bundle/9928/react-ecosystem.js:2:120683)
    at rs (https://www.asics.com/us/mobify/bundle/9928/react-ecosystem.js:2:115848)
    at S (https://www.asics.com/us/mobify/bundle/9928/react-ecosystem.js:2:142327)
    at MessagePort.L (https://www.asics.com/us/mobify/bundle/9928/react-ecosystem.js:2:142859)
[     736ms] Error: Minified React error #418; visit https://reactjs.org/docs/error-decoder.html?invariant=418 for the full message or use the non-minified dev environment for full errors and additional helpful warnings.
    at sa (https://www.asics.com/us/mobify/bundle/9928/react-ecosystem.js:2:60737)
    at Si (https://www.asics.com/us/mobify/bundle/9928/react-ecosystem.js:2:133330)
    at ys (https://www.asics.com/us/mobify/bundle/9928/react-ecosystem.js:2:120892)
    at vs (https://www.asics.com/us/mobify/bundle/9928/react-ecosystem.js:2:120820)
    at ms (https://www.asics.com/us/mobify/bundle/9928/react-ecosystem.js:2:120683)
    at rs (https://www.asics.com/us/mobify/bundle/9928/react-ecosystem.js:2:115848)
    at S (https://www.asics.com/us/mobify/bundle/9928/react-ecosystem.js:2:142327)
    at MessagePort.L (https://www.asics.com/us/mobify/bundle/9928/react-ecosystem.js:2:142859)
[     736ms] Error: Minified React error #418; visit https://reactjs.org/docs/error-decoder.html?invariant=418 for the full message or use the non-minified dev environment for full errors and additional helpful warnings.
    at sa (https://www.asics.com/us/mobify/bundle/9928/react-ecosystem.js:2:60737)
    at Si (https://www.asics.com/us/mobify/bundle/9928/react-ecosystem.js:2:133330)
    at ys (https://www.asics.com/us/mobify/bundle/9928/react-ecosystem.js:2:120892)
    at vs (https://www.asics.com/us/mobify/bundle/9928/react-ecosystem.js:2:120820)
    at ms (https://www.asics.com/us/mobify/bundle/9928/react-ecosystem.js:2:120683)
    at rs (https://www.asics.com/us/mobify/bundle/9928/react-ecosystem.js:2:115848)
    at S (https://www.asics.com/us/mobify/bundle/9928/react-ecosystem.js:2:142327)
    at MessagePort.L (https://www.asics.com/us/mobify/bundle/9928/react-ecosystem.js:2:142859)
[     736ms] Error: Minified React error #418; visit https://reactjs.org/docs/error-decoder.html?invariant=418 for the full message or use the non-minified dev environment for full errors and additional helpful warnings.
    at sa (https://www.asics.com/us/mobify/bundle/9928/react-ecosystem.js:2:60737)
    at Si (https://www.asics.com/us/mobify/bundle/9928/react-ecosystem.js:2:133330)
    at ys (https://www.asics.com/us/mobify/bundle/9928/react-ecosystem.js:2:120892)
    at vs (https://www.asics.com/us/mobify/bundle/9928/react-ecosystem.js:2:120820)
    at ms (https://www.asics.com/us/mobify/bundle/9928/react-ecosystem.js:2:120683)
    at rs (https://www.asics.com/us/mobify/bundle/9928/react-ecosystem.js:2:115848)
    at S (https://www.asics.com/us/mobify/bundle/9928/react-ecosystem.js:2:142327)
    at MessagePort.L (https://www.asics.com/us/mobify/bundle/9928/react-ecosystem.js:2:142859)
[     736ms] Error: Minified React error #418; visit https://reactjs.org/docs/error-decoder.html?invariant=418 for the full message or use the non-minified dev environment for full errors and additional helpful warnings.
    at sa (https://www.asics.com/us/mobify/bundle/9928/react-ecosystem.js:2:60737)
    at Si (https://www.asics.com/us/mobify/bundle/9928/react-ecosystem.js:2:133330)
    at ys (https://www.asics.com/us/mobify/bundle/9928/react-ecosystem.js:2:120892)
    at vs (https://www.asics.com/us/mobify/bundle/9928/react-ecosystem.js:2:120820)
    at ms (https://www.asics.com/us/mobify/bundle/9928/react-ecosystem.js:2:120683)
    at rs (https://www.asics.com/us/mobify/bundle/9928/react-ecosystem.js:2:115848)
    at S (https://www.asics.com/us/mobify/bundle/9928/react-ecosystem.js:2:142327)
    at MessagePort.L (https://www.asics.com/us/mobify/bundle/9928/react-ecosystem.js:2:142859)
[     736ms] Error: Minified React error #423; visit https://reactjs.org/docs/error-decoder.html?invariant=423 for the full message or use the non-minified dev environment for full errors and additional helpful warnings.
    at Si (https://www.asics.com/us/mobify/bundle/9928/react-ecosystem.js:2:133016)
    at ys (https://www.asics.com/us/mobify/bundle/9928/react-ecosystem.js:2:120892)
    at vs (https://www.asics.com/us/mobify/bundle/9928/react-ecosystem.js:2:120820)
    at ms (https://www.asics.com/us/mobify/bundle/9928/react-ecosystem.js:2:120683)
    at ls (https://www.asics.com/us/mobify/bundle/9928/react-ecosystem.js:2:117518)
    at rs (https://www.asics.com/us/mobify/bundle/9928/react-ecosystem.js:2:116074)
    at S (https://www.asics.com/us/mobify/bundle/9928/react-ecosystem.js:2:142327)
    at MessagePort.L (https://www.asics.com/us/mobify/bundle/9928/react-ecosystem.js:2:142859)
[     945ms] [LOG] Active Data scripts loaded successfully @ https://www.asics.com/us/mobify/bundle/9928/main.js:0
[     996ms] [WARNING] Google Maps JavaScript API has been loaded directly without loading=async. This can result in suboptimal performance. For best-practice loading patterns please see https://goo.gle/js-api-loading @ https://maps.googleapis.com/maps/api/js?key=AIzaSyDqstP8RWMwkuJYsaWQ29dZFim3506MteA&libraries=geometry,marker:1076
[    1041ms] [LOG] token config = {email: , phonenumber: , gdpr: Object, ttl: 9600} @ https://www.googletagmanager.com/gtm.js?id=GTM-MZMX5LM8:1048
[    2377ms] [WARNING] BV Loader should only be called once per page. @ https://apps.bazaarvoice.com/bv.js:22
[    2838ms] [WARNING] [Meta Pixel] - Duplicate Pixel ID: 1445141868842740. @ https://connect.facebook.net/en_US/fbevents.js:203
[    2865ms] [WARNING] [Meta Pixel] - Duplicate Pixel ID: 516344208573191. @ https://connect.facebook.net/en_US/fbevents.js:203
[    2892ms] [WARNING] [Meta Pixel] - Duplicate Pixel ID: 357483877954567. @ https://connect.facebook.net/en_US/fbevents.js:203
[    3090ms] [WARNING] Unrecognized feature: 'attribution-reporting'. @ https://c.amazon-adsystem.com/aat/amzn.js:1
[    3690ms] [LOG] IM feedback run:true @ https://dispawsusva.inmoment.com/intercept/v1/2590/604a1hfxVIAJXGgLN1w==/extra.js?testing=false:47
[    3695ms] [LOG] IMt->site exit @ https://dispawsusva.inmoment.com/intercept/v1/2590/604a1hfxVIAJXGgLN1w==/extra.js?testing=false:145
[    3695ms] [LOG] IM->isInterceptSuppressed @ https://dispawsusva.inmoment.com/intercept/v1/customJS/2590/604a1hfxVIAJXGgLN1w==?loadTestCustomJS=false:643
[    3695ms] [LOG] {intId: 1643, type: site_exit} @ https://dispawsusva.inmoment.com/intercept/v1/customJS/2590/604a1hfxVIAJXGgLN1w==?loadTestCustomJS=false:644
[    3695ms] [LOG] false @ https://dispawsusva.inmoment.com/intercept/v1/customJS/2590/604a1hfxVIAJXGgLN1w==?loadTestCustomJS=false:735
[    3695ms] [LOG] IMt->site exit->isElapsedTime=false @ https://dispawsusva.inmoment.com/intercept/v1/2590/604a1hfxVIAJXGgLN1w==/extra.js?testing=false:173
[    3701ms] [VERBOSE] [DOM] Input elements should have autocomplete attributes (suggested: "new-password"): (More info: https://goo.gl/9p2vKq) %o @ https://www.asics.com/us/en-us/superblast-3/p/ANA_1013A177-101.html:0
[    4277ms] [LOG] Custom Analytics code ran for IDEA-1297 V2 OA login nudge_ANA @ https://cdn.dynamicyield.com/api/8774246/api_dynamic.js:0
[    4296ms] [LOG] Custom Analytics code ran for IDEA-1169 PDP Images hotspots-techsheets_ANA @ https://cdn.dynamicyield.com/api/8774246/api_dynamic.js:0
[    4312ms] [LOG] Custom Analytics code ran for IDEA-1286 Shop the look with hotspots ANA @ https://cdn.dynamicyield.com/api/8774246/api_dynamic.js:0
[    4330ms] [LOG] Custom Analytics code ran for IDEA-1159 PDP Layout ANA @ https://cdn.dynamicyield.com/api/8774246/api_dynamic.js:0
[    4443ms] [LOG] [DY Hotspots] Element to hide not found: [data-test="product-specs"] > div > div > p > img[width="100%"] @ :628
[    4443ms] [LOG] [DY Hotspots] Rendered for SKU: 1013A177 @ :634
[    6475ms] [WARNING] The resource https://asicsdigitalinc.my.site.com/ESWMIAWANAWebChat1749030991527/sfsites/c/resource/CustomMIAWStyles/base/text.css?de01dd50b8 was preloaded using link preload but not used within a few seconds from the window's load event. Please make sure it has an appropriate `as` value and it is preloaded intentionally. @ https://asicsdigitalinc.my.site.com/ESWMIAWANAWebChat1749030991527/assets/htdocs/sitecontext.min.html?parent_domain=https%3A%2F%2Fwww.asics.com:0
[    6475ms] [WARNING] The resource https://asicsdigitalinc.my.site.com/ESWMIAWANAWebChat1749030991527/webruntime/view/62aa896a5850ab40792eb0cbef1b8719/prod/en-US/frame_view was preloaded using link preload but not used within a few seconds from the window's load event. Please make sure it has an appropriate `as` value and it is preloaded intentionally. @ https://asicsdigitalinc.my.site.com/ESWMIAWANAWebChat1749030991527/assets/htdocs/sitecontext.min.html?parent_domain=https%3A%2F%2Fwww.asics.com:0
[    6475ms] [WARNING] The resource https://asicsdigitalinc.my.site.com/ESWMIAWANAWebChat1749030991527/webruntime/view/215814235498c24e808866de1f00232e/prod/en-US/home_view was preloaded using link preload but not used within a few seconds from the window's load event. Please make sure it has an appropriate `as` value and it is preloaded intentionally. @ https://asicsdigitalinc.my.site.com/ESWMIAWANAWebChat1749030991527/assets/htdocs/sitecontext.min.html?parent_domain=https%3A%2F%2Fwww.asics.com:0
[    6475ms] [WARNING] The resource https://asicsdigitalinc.my.site.com/ESWMIAWANAWebChat1749030991527/webruntime/framework/c6f5ab53a7/prod/lwr_lwc was preloaded using link preload but not used within a few seconds from the window's load event. Please make sure it has an appropriate `as` value and it is preloaded intentionally. @ https://asicsdigitalinc.my.site.com/ESWMIAWANAWebChat1749030991527/assets/htdocs/sitecontext.min.html?parent_domain=https%3A%2F%2Fwww.asics.com:0
[    6475ms] [WARNING] The resource https://asicsdigitalinc.my.site.com/ESWMIAWANAWebChat1749030991527/sfsites/c/resource/CustomMIAWStyles/components/header/header.css?de01dd50b8 was preloaded using link preload but not used within a few seconds from the window's load event. Please make sure it has an appropriate `as` value and it is preloaded intentionally. @ https://asicsdigitalinc.my.site.com/ESWMIAWANAWebChat1749030991527/assets/htdocs/sitecontext.min.html?parent_domain=https%3A%2F%2Fwww.asics.com:0
[    6475ms] [WARNING] The resource https://asicsdigitalinc.my.site.com/ESWMIAWANAWebChat1749030991527/sfsites/c/resource/CustomMIAWStyles/components/minimized/notification.css?de01dd50b8 was preloaded using link preload but not used within a few seconds from the window's load event. Please make sure it has an appropriate `as` value and it is preloaded intentionally. @ https://asicsdigitalinc.my.site.com/ESWMIAWANAWebChat1749030991527/assets/htdocs/sitecontext.min.html?parent_domain=https%3A%2F%2Fwww.asics.com:0
[    6475ms] [WARNING] The resource https://asicsdigitalinc.my.site.com/ESWMIAWANAWebChat1749030991527/assets/styles/embedded-messaging-styling.min.css?de01dd50b8 was preloaded using link preload but not used within a few seconds from the window's load event. Please make sure it has an appropriate `as` value and it is preloaded intentionally. @ https://asicsdigitalinc.my.site.com/ESWMIAWANAWebChat1749030991527/assets/htdocs/sitecontext.min.html?parent_domain=https%3A%2F%2Fwww.asics.com:0
[    6475ms] [WARNING] The resource https://asicsdigitalinc.my.site.com/ESWMIAWANAWebChat1749030991527/sfsites/c/resource/CustomMIAWStyles/tokens/variables.css?de01dd50b8 was preloaded using link preload but not used within a few seconds from the window's load event. Please make sure it has an appropriate `as` value and it is preloaded intentionally. @ https://asicsdigitalinc.my.site.com/ESWMIAWANAWebChat1749030991527/assets/htdocs/sitecontext.min.html?parent_domain=https%3A%2F%2Fwww.asics.com:0
[    6475ms] [WARNING] The resource https://asicsdigitalinc.my.site.com/ESWMIAWANAWebChat1749030991527/webruntime/component/5b8557d8725fba2dbf2e6a4968ec430c/prod/en-US/force/luvioRuntimeWebruntime_cmp was preloaded using link preload but not used within a few seconds from the window's load event. Please make sure it has an appropriate `as` value and it is preloaded intentionally. @ https://asicsdigitalinc.my.site.com/ESWMIAWANAWebChat1749030991527/assets/htdocs/sitecontext.min.html?parent_domain=https%3A%2F%2Fwww.asics.com:0
[    6475ms] [WARNING] The resource https://asicsdigitalinc.my.site.com/ESWMIAWANAWebChat1749030991527/webruntime/framework/6ce0b87300/prod/lwr_loader was preloaded using link preload but not used within a few seconds from the window's load event. Please make sure it has an appropriate `as` value and it is preloaded intentionally. @ https://asicsdigitalinc.my.site.com/ESWMIAWANAWebChat1749030991527/assets/htdocs/sitecontext.min.html?parent_domain=https%3A%2F%2Fwww.asics.com:0
[    6475ms] [WARNING] The resource https://asicsdigitalinc.my.site.com/ESWMIAWANAWebChat1749030991527/webruntime/framework/cb2c1a2c50/prod/lwr_app_bootstrap_hook was preloaded using link preload but not used within a few seconds from the window's load event. Please make sure it has an appropriate `as` value and it is preloaded intentionally. @ https://asicsdigitalinc.my.site.com/ESWMIAWANAWebChat1749030991527/assets/htdocs/sitecontext.min.html?parent_domain=https%3A%2F%2Fwww.asics.com:0
[    6475ms] [WARNING] The resource https://asicsdigitalinc.my.site.com/ESWMIAWANAWebChat1749030991527/webruntime/component/259a789b5905e4a3e65c0942cc97421d/prod/en-US/force/luvioLwcBindings_cmp was preloaded using link preload but not used within a few seconds from the window's load event. Please make sure it has an appropriate `as` value and it is preloaded intentionally. @ https://asicsdigitalinc.my.site.com/ESWMIAWANAWebChat1749030991527/assets/htdocs/sitecontext.min.html?parent_domain=https%3A%2F%2Fwww.asics.com:0
[    6475ms] [WARNING] The resource https://asicsdigitalinc.my.site.com/ESWMIAWANAWebChat1749030991527/assets/styles/salesforce-lightning-design-system.min.css?de01dd50b8 was preloaded using link preload but not used within a few seconds from the window's load event. Please make sure it has an appropriate `as` value and it is preloaded intentionally. @ https://asicsdigitalinc.my.site.com/ESWMIAWANAWebChat1749030991527/assets/htdocs/sitecontext.min.html?parent_domain=https%3A%2F%2Fwww.asics.com:0
[    6475ms] [WARNING] The resource https://asicsdigitalinc.my.site.com/ESWMIAWANAWebChat1749030991527/sfsites/c/resource/CustomMIAWStyles/components/conversation/choice-menu.css?de01dd50b8 was preloaded using link preload but not used within a few seconds from the window's load event. Please make sure it has an appropriate `as` value and it is preloaded intentionally. @ https://asicsdigitalinc.my.site.com/ESWMIAWANAWebChat1749030991527/assets/htdocs/sitecontext.min.html?parent_domain=https%3A%2F%2Fwww.asics.com:0
[    6475ms] [WARNING] The resource https://asicsdigitalinc.my.site.com/ESWMIAWANAWebChat1749030991527/webruntime/framework/6186554a8e/prod/lwr_app was preloaded using link preload but not used within a few seconds from the window's load event. Please make sure it has an appropriate `as` value and it is preloaded intentionally. @ https://asicsdigitalinc.my.site.com/ESWMIAWANAWebChat1749030991527/assets/htdocs/sitecontext.min.html?parent_domain=https%3A%2F%2Fwww.asics.com:0
[    6475ms] [WARNING] The resource https://asicsdigitalinc.my.site.com/ESWMIAWANAWebChat1749030991527/sfsites/c/resource/CustomMIAWStyles/components/pre-chat/form.css?de01dd50b8 was preloaded using link preload but not used within a few seconds from the window's load event. Please make sure it has an appropriate `as` value and it is preloaded intentionally. @ https://asicsdigitalinc.my.site.com/ESWMIAWANAWebChat1749030991527/assets/htdocs/sitecontext.min.html?parent_domain=https%3A%2F%2Fwww.asics.com:0
[    6475ms] [WARNING] The resource https://asicsdigitalinc.my.site.com/ESWMIAWANAWebChat1749030991527/webruntime/framework/b73515aaa5/prod/lwr_bootstrap was preloaded using link preload but not used within a few seconds from the window's load event. Please make sure it has an appropriate `as` value and it is preloaded intentionally. @ https://asicsdigitalinc.my.site.com/ESWMIAWANAWebChat1749030991527/assets/htdocs/sitecontext.min.html?parent_domain=https%3A%2F%2Fwww.asics.com:0
[    6475ms] [WARNING] The resource https://asicsdigitalinc.my.site.com/ESWMIAWANAWebChat1749030991527/sfsites/c/resource/CustomMIAWStyles/components/conversation/message-bubble.css?de01dd50b8 was preloaded using link preload but not used within a few seconds from the window's load event. Please make sure it has an appropriate `as` value and it is preloaded intentionally. @ https://asicsdigitalinc.my.site.com/ESWMIAWANAWebChat1749030991527/assets/htdocs/sitecontext.min.html?parent_domain=https%3A%2F%2Fwww.asics.com:0
[   11855ms] [LOG] IM feedback run:true @ https://dispawsusva.inmoment.com/intercept/v1/2590/604a1hfxVIAJXGgLN1w==/extra.js?testing=false:47
[   11856ms] [LOG] IMt->site exit @ https://dispawsusva.inmoment.com/intercept/v1/2590/604a1hfxVIAJXGgLN1w==/extra.js?testing=false:145
[   11856ms] [LOG] IM->isInterceptSuppressed @ https://dispawsusva.inmoment.com/intercept/v1/customJS/2590/604a1hfxVIAJXGgLN1w==?loadTestCustomJS=false:643
[   11856ms] [LOG] {intId: 1643, type: site_exit} @ https://dispawsusva.inmoment.com/intercept/v1/customJS/2590/604a1hfxVIAJXGgLN1w==?loadTestCustomJS=false:644
[   11856ms] [LOG] false @ https://dispawsusva.inmoment.com/intercept/v1/customJS/2590/604a1hfxVIAJXGgLN1w==?loadTestCustomJS=false:735
[   11856ms] [LOG] IMt->site exit->isElapsedTime=true @ https://dispawsusva.inmoment.com/intercept/v1/2590/604a1hfxVIAJXGgLN1w==/extra.js?testing=false:173
[   12374ms] [WARNING] The resource https://www.asics.com/us/mobify/bundle/9750/static/font/ASICSFont3.0-Bold.woff2 was preloaded using link preload but not used within a few seconds from the window's load event. Please make sure it has an appropriate `as` value and it is preloaded intentionally. @ https://www.asics.com/us/en-us/superblast-3/p/ANA_1013A177-101.html:0
[   12374ms] [WARNING] The resource https://www.asics.com/us/mobify/bundle/9750/static/font/ASICSFont3.0-Regular.woff2 was preloaded using link preload but not used within a few seconds from the window's load event. Please make sure it has an appropriate `as` value and it is preloaded intentionally. @ https://www.asics.com/us/en-us/superblast-3/p/ANA_1013A177-101.html:0
[   12374ms] [WARNING] The resource https://www.asics.com/us/mobify/bundle/9750/static/font/ASICSSportstyle_W_Rg.woff2 was preloaded using link preload but not used within a few seconds from the window's load event. Please make sure it has an appropriate `as` value and it is preloaded intentionally. @ https://www.asics.com/us/en-us/superblast-3/p/ANA_1013A177-101.html:0
[   13921ms] [LOG] IMt->values passed to survey: CSID [CTUID ]=null, CTPartition=null, CStagID [CTGUID]=null @ https://feedback.inmoment.com/websurvey/2/retrieveJs.js?imData=t&s;=inmoment_1522_20013_12&_s2=8f53fc2f-5a90-4e71-94dd-4a9d56a0cfbc:776
[   13921ms] [LOG] IMt->NO ContentSquare URL @ https://feedback.inmoment.com/websurvey/2/retrieveJs.js?imData=t&s;=inmoment_1522_20013_12&_s2=8f53fc2f-5a90-4e71-94dd-4a9d56a0cfbc:827
[   14169ms] [LOG] english @ https://feedback.inmoment.com/websurvey/2/retrieveJs.js?imData=t&s;=inmoment_1522_20013_12&_s2=8f53fc2f-5a90-4e71-94dd-4a9d56a0cfbc:843
[   14169ms] [LOG] en-us @ https://feedback.inmoment.com/websurvey/2/retrieveJs.js?imData=t&s;=inmoment_1522_20013_12&_s2=8f53fc2f-5a90-4e71-94dd-4a9d56a0cfbc:253
[   14255ms] [ERROR] Give up on exposing the group! No utag.link found @ :13
[   17309ms] [WARNING] The resource https://www.asics.com/us/mobify/bundle/9750/static/font/ASICSFont3.0-Bold.woff2 was preloaded using link preload but not used within a few seconds from the window's load event. Please make sure it has an appropriate `as` value and it is preloaded intentionally. @ https://www.asics.com/us/en-us/superblast-3/p/ANA_1013A177-101.html:0
[   17309ms] [WARNING] The resource https://www.asics.com/us/mobify/bundle/9750/static/font/ASICSFont3.0-Regular.woff2 was preloaded using link preload but not used within a few seconds from the window's load event. Please make sure it has an appropriate `as` value and it is preloaded intentionally. @ https://www.asics.com/us/en-us/superblast-3/p/ANA_1013A177-101.html:0
[   17309ms] [WARNING] The resource https://www.asics.com/us/mobify/bundle/9750/static/font/ASICSSportstyle_W_Rg.woff2 was preloaded using link preload but not used within a few seconds from the window's load event. Please make sure it has an appropriate `as` value and it is preloaded intentionally. @ https://www.asics.com/us/en-us/superblast-3/p/ANA_1013A177-101.html:0
