[     114ms] Uncaught TypeError: Cannot read properties of null (reading 'appendChild')
    at <anonymous> (https://script.ifdo.co.kr/jfullscript.js:0:211690)
[     249ms] [LOG] %c IF %c A %c DO %c B %c 이프두 %c 마케팅 자동화 & 온사이트 마케팅 서비스 font-weight: bold;background-color:#313235;color:#ffffff; font-weight: bold;background-color:#313235;color:#ffffff;color:#ffc400 font-weight: bold;background-color:#313235;color:#ffffff; font-weight: bold;background-color:#313235;color:#ffffff;color:#ffc400 font-weight: bold font-weight: bold;background-color:#313235;color:#ffffff;background: linear-gradient(91.59deg, #107BF9 -0.96%, #E20A65 99.96%);border-radius:3px;padding:8px; @ https://script.ifdo.co.kr/jfullscript.js:0
[     289ms] [LOG] this.retval.getReqType() 5002 @ https://www.asics.co.kr/vendor/netfunnel/netfunnel.js?v=2.3.12:92
[    1357ms] [LOG] 2026-07-06 20:11 @ https://cdn.evgnet.com/beacon/j55653z555563j2e3wa3d3n3w091568796/asics/scripts/evergage.min.js:881
[    1358ms] [LOG] 20261001143856 @ https://cdn.evgnet.com/beacon/j55653z555563j2e3wa3d3n3w091568796/asics/scripts/evergage.min.js:1303
[    1359ms] [LOG] Debugging 0 @ https://cdn.evgnet.com/beacon/j55653z555563j2e3wa3d3n3w091568796/asics/scripts/evergage.min.js:1805
[    1360ms] [LOG] PC Device Width: 1440 @ https://cdn.evgnet.com/beacon/j55653z555563j2e3wa3d3n3w091568796/asics/scripts/evergage.min.js:3218
[    1557ms] [WARNING] [Meta Pixel] - Invalid parameter format for currency. Please refer https://developers.facebook.com/docs/meta-pixel/reference/ for valid parameter specifications. @ https://connect.facebook.net/en_US/fbevents.js:203
[    1645ms] [WARNING] [Meta Pixel] - Invalid parameter format for currency. Please refer https://developers.facebook.com/docs/meta-pixel/reference/ for valid parameter specifications. @ https://connect.facebook.net/en_US/fbevents.js:203
[    1680ms] [LOG] %c IF %c A %c DO %c B %c 이프두 %c 마케팅 자동화 & 온사이트 마케팅 서비스 font-weight: bold;background-color:#313235;color:#ffffff; font-weight: bold;background-color:#313235;color:#ffffff;color:#ffc400 font-weight: bold;background-color:#313235;color:#ffffff; font-weight: bold;background-color:#313235;color:#ffffff;color:#ffc400 font-weight: bold font-weight: bold;background-color:#313235;color:#ffffff;background: linear-gradient(91.59deg, #107BF9 -0.96%, #E20A65 99.96%);border-radius:3px;padding:8px; @ https://script.ifdo.co.kr/jfullscript.js:0
[    1728ms] [VERBOSE] [DOM] Input elements should have autocomplete attributes (suggested: "current-password"): (More info: https://goo.gl/9p2vKq) %o @ https://www.asics.co.kr/c/run_trail:0
[    1728ms] [VERBOSE] [DOM] Input elements should have autocomplete attributes (suggested: "new-password"): (More info: https://goo.gl/9p2vKq) %o @ https://www.asics.co.kr/c/run_trail:0
[    1728ms] [VERBOSE] [DOM] Input elements should have autocomplete attributes (suggested: "new-password"): (More info: https://goo.gl/9p2vKq) %o @ https://www.asics.co.kr/c/run_trail:0
[    1813ms] [LOG] this.retval.getReqType() 5003 @ https://www.asics.co.kr/vendor/netfunnel/netfunnel.js?v=2.3.12:92
[    2988ms] [LOG] ✅ Edge 브라우저 여부: false @ https://widgets.cre.ma/asics.co.kr/v2/init.js:76
[    2988ms] [LOG] ✅ PC여부: true @ https://widgets.cre.ma/asics.co.kr/v2/init.js:77
[    2988ms] [LOG] ✅ 상품 상세 페이지 여부: false @ https://widgets.cre.ma/asics.co.kr/v2/init.js:78
[    2988ms] [LOG] ❌ window.fromCrema 객체가 존재하지 않습니다. @ https://widgets.cre.ma/asics.co.kr/v2/init.js:81
[    7801ms] [LOG] API 전송 조건 불충족: prevUserId/referrer/memberSeq 값 확인 @ https://cdn.evgnet.com/beacon/j55653z555563j2e3wa3d3n3w091568796/asics/scripts/evergage.min.js:1746
[    7801ms] [LOG] PrevUserId: 166c7f7dfa50570f @ https://cdn.evgnet.com/beacon/j55653z555563j2e3wa3d3n3w091568796/asics/scripts/evergage.min.js:1747
[    7801ms] [LOG] Referrer: https://www.asics.co.kr/c/run_trail @ https://cdn.evgnet.com/beacon/j55653z555563j2e3wa3d3n3w091568796/asics/scripts/evergage.min.js:1748
[    7801ms] [LOG] ReferrerMatched: false @ https://cdn.evgnet.com/beacon/j55653z555563j2e3wa3d3n3w091568796/asics/scripts/evergage.min.js:1749
[    7801ms] [LOG] MemberSeq:  @ https://cdn.evgnet.com/beacon/j55653z555563j2e3wa3d3n3w091568796/asics/scripts/evergage.min.js:1750
[    7801ms] [LOG] WaitedMs: 5166 @ https://cdn.evgnet.com/beacon/j55653z555563j2e3wa3d3n3w091568796/asics/scripts/evergage.min.js:1751
[   19838ms] [LOG] this.retval.getReqType() 5003 @ https://www.asics.co.kr/vendor/netfunnel/netfunnel.js?v=2.3.12:92
[   37855ms] [LOG] this.retval.getReqType() 5003 @ https://www.asics.co.kr/vendor/netfunnel/netfunnel.js?v=2.3.12:92
[   55876ms] [LOG] this.retval.getReqType() 5003 @ https://www.asics.co.kr/vendor/netfunnel/netfunnel.js?v=2.3.12:92
[   73899ms] [LOG] this.retval.getReqType() 5003 @ https://www.asics.co.kr/vendor/netfunnel/netfunnel.js?v=2.3.12:92
[   91922ms] [LOG] this.retval.getReqType() 5003 @ https://www.asics.co.kr/vendor/netfunnel/netfunnel.js?v=2.3.12:92
[  109937ms] [LOG] this.retval.getReqType() 5003 @ https://www.asics.co.kr/vendor/netfunnel/netfunnel.js?v=2.3.12:92
[  127968ms] [LOG] this.retval.getReqType() 5003 @ https://www.asics.co.kr/vendor/netfunnel/netfunnel.js?v=2.3.12:92
[  145997ms] [LOG] this.retval.getReqType() 5003 @ https://www.asics.co.kr/vendor/netfunnel/netfunnel.js?v=2.3.12:92
[  164015ms] [LOG] this.retval.getReqType() 5003 @ https://www.asics.co.kr/vendor/netfunnel/netfunnel.js?v=2.3.12:92
[  182047ms] [LOG] this.retval.getReqType() 5003 @ https://www.asics.co.kr/vendor/netfunnel/netfunnel.js?v=2.3.12:92
[  200064ms] [LOG] this.retval.getReqType() 5003 @ https://www.asics.co.kr/vendor/netfunnel/netfunnel.js?v=2.3.12:92
[  218082ms] [LOG] this.retval.getReqType() 5003 @ https://www.asics.co.kr/vendor/netfunnel/netfunnel.js?v=2.3.12:92
[  236092ms] [LOG] this.retval.getReqType() 5003 @ https://www.asics.co.kr/vendor/netfunnel/netfunnel.js?v=2.3.12:92
[  254110ms] [LOG] this.retval.getReqType() 5003 @ https://www.asics.co.kr/vendor/netfunnel/netfunnel.js?v=2.3.12:92
[  272125ms] [LOG] this.retval.getReqType() 5003 @ https://www.asics.co.kr/vendor/netfunnel/netfunnel.js?v=2.3.12:92
[  290143ms] [LOG] this.retval.getReqType() 5003 @ https://www.asics.co.kr/vendor/netfunnel/netfunnel.js?v=2.3.12:92
[  308165ms] [LOG] this.retval.getReqType() 5003 @ https://www.asics.co.kr/vendor/netfunnel/netfunnel.js?v=2.3.12:92
[  326185ms] [LOG] this.retval.getReqType() 5003 @ https://www.asics.co.kr/vendor/netfunnel/netfunnel.js?v=2.3.12:92
[  344208ms] [LOG] this.retval.getReqType() 5003 @ https://www.asics.co.kr/vendor/netfunnel/netfunnel.js?v=2.3.12:92
[  362238ms] [LOG] this.retval.getReqType() 5003 @ https://www.asics.co.kr/vendor/netfunnel/netfunnel.js?v=2.3.12:92
[  380262ms] [LOG] this.retval.getReqType() 5003 @ https://www.asics.co.kr/vendor/netfunnel/netfunnel.js?v=2.3.12:92
[  398306ms] [LOG] this.retval.getReqType() 5003 @ https://www.asics.co.kr/vendor/netfunnel/netfunnel.js?v=2.3.12:92
[  416317ms] [LOG] this.retval.getReqType() 5003 @ https://www.asics.co.kr/vendor/netfunnel/netfunnel.js?v=2.3.12:92
[  434348ms] [LOG] this.retval.getReqType() 5003 @ https://www.asics.co.kr/vendor/netfunnel/netfunnel.js?v=2.3.12:92
[  452376ms] [LOG] this.retval.getReqType() 5003 @ https://www.asics.co.kr/vendor/netfunnel/netfunnel.js?v=2.3.12:92
[  470400ms] [LOG] this.retval.getReqType() 5003 @ https://www.asics.co.kr/vendor/netfunnel/netfunnel.js?v=2.3.12:92
[  488421ms] [LOG] this.retval.getReqType() 5003 @ https://www.asics.co.kr/vendor/netfunnel/netfunnel.js?v=2.3.12:92
[  506450ms] [LOG] this.retval.getReqType() 5003 @ https://www.asics.co.kr/vendor/netfunnel/netfunnel.js?v=2.3.12:92
[  524474ms] [LOG] this.retval.getReqType() 5003 @ https://www.asics.co.kr/vendor/netfunnel/netfunnel.js?v=2.3.12:92
[  542499ms] [LOG] this.retval.getReqType() 5003 @ https://www.asics.co.kr/vendor/netfunnel/netfunnel.js?v=2.3.12:92
[  560518ms] [LOG] this.retval.getReqType() 5003 @ https://www.asics.co.kr/vendor/netfunnel/netfunnel.js?v=2.3.12:92
[  578534ms] [LOG] this.retval.getReqType() 5003 @ https://www.asics.co.kr/vendor/netfunnel/netfunnel.js?v=2.3.12:92
[  596561ms] [LOG] this.retval.getReqType() 5003 @ https://www.asics.co.kr/vendor/netfunnel/netfunnel.js?v=2.3.12:92
[  614598ms] [LOG] this.retval.getReqType() 5003 @ https://www.asics.co.kr/vendor/netfunnel/netfunnel.js?v=2.3.12:92
