[    1602ms] [LOG] 2026-07-06 20:11 @ https://cdn.evgnet.com/beacon/j55653z555563j2e3wa3d3n3w091568796/asics/scripts/evergage.min.js:881
[    1603ms] [LOG] 20261001141336 @ https://cdn.evgnet.com/beacon/j55653z555563j2e3wa3d3n3w091568796/asics/scripts/evergage.min.js:1303
[    1607ms] [LOG] Debugging 0 @ https://cdn.evgnet.com/beacon/j55653z555563j2e3wa3d3n3w091568796/asics/scripts/evergage.min.js:1805
[    1607ms] [LOG] PC Device Width: 1440 @ https://cdn.evgnet.com/beacon/j55653z555563j2e3wa3d3n3w091568796/asics/scripts/evergage.min.js:3218
[    1657ms] Unexpected string
[    2043ms] [VERBOSE] [DOM] Input elements should have autocomplete attributes (suggested: "current-password"): (More info: https://goo.gl/9p2vKq) %o @ https://www.asics.co.kr/p/AKR_112630101-101:0
[    2043ms] [VERBOSE] [DOM] Input elements should have autocomplete attributes (suggested: "new-password"): (More info: https://goo.gl/9p2vKq) %o @ https://www.asics.co.kr/p/AKR_112630101-101:0
[    2043ms] [VERBOSE] [DOM] Input elements should have autocomplete attributes (suggested: "new-password"): (More info: https://goo.gl/9p2vKq) %o @ https://www.asics.co.kr/p/AKR_112630101-101:0
[    2045ms] [ERROR] Failed to load resource: the server responded with a status of 404 () @ https://www.asics.co.kr/data/skin/asics/images/design/tab_arr.png:0
[    2075ms] [LOG] this.retval.getReqType() 5003 @ https://www.asics.co.kr/vendor/netfunnel/netfunnel.js?v=2.3.12:92
[    2116ms] [LOG] %c IF %c A %c DO %c B %c 이프두 %c 마케팅 자동화 & 온사이트 마케팅 서비스 font-weight: bold;background-color:#313235;color:#ffffff; font-weight: bold;background-color:#313235;color:#ffffff;color:#ffc400 font-weight: bold;background-color:#313235;color:#ffffff; font-weight: bold;background-color:#313235;color:#ffffff;color:#ffc400 font-weight: bold font-weight: bold;background-color:#313235;color:#ffffff;background: linear-gradient(91.59deg, #107BF9 -0.96%, #E20A65 99.96%);border-radius:3px;padding:8px; @ https://script.ifdo.co.kr/jfullscript.js:0
[    2201ms] [WARNING] [Meta Pixel] - Invalid parameter format for currency. Please refer https://developers.facebook.com/docs/meta-pixel/reference/ for valid parameter specifications. @ https://connect.facebook.net/en_US/fbevents.js:203
[    2273ms] [WARNING] [Meta Pixel] - Invalid parameter format for currency. Please refer https://developers.facebook.com/docs/meta-pixel/reference/ for valid parameter specifications. @ https://connect.facebook.net/en_US/fbevents.js:203
[    2868ms] [LOG] ✅ Edge 브라우저 여부: false @ https://widgets.cre.ma/asics.co.kr/v2/init.js:76
[    2868ms] [LOG] ✅ PC여부: true @ https://widgets.cre.ma/asics.co.kr/v2/init.js:77
[    2868ms] [LOG] ✅ 상품 상세 페이지 여부: true @ https://widgets.cre.ma/asics.co.kr/v2/init.js:78
[    2868ms] [LOG] ❌ window.fromCrema 객체가 존재하지 않습니다. @ https://widgets.cre.ma/asics.co.kr/v2/init.js:81
[    3803ms] [LOG] 1 undefined @ LIVEVC.js:209
[    3810ms] [LOG] %c[Input Check] 추천 상품 ID 목록: 22581, 22595, 21906, 22476, 19685, 22594, 22687, 21910, 22267, 22015, 22686, 22597 color: blue; background: #eee; @ PCVer.js:472
[    3810ms] [LOG] %c[Recs Check] 총 12개 상품 검증 시작 (재고+노출) color: blue; @ PCVer.js:509
[    3812ms] [LOG] [Mobile Check] 총 8개 상품 검증 시작 color: blue @ Mobile.js:363
[    3815ms] [LOG] PC API 바디 값 {"goods_seq":"22696","category_code":"001800010001"} @ LIVE.js:345
[    3895ms] [LOG] {"status":"ok","message":"데이터 저장 완료"} @ LIVEVC.js:316
[    4398ms] [LOG] 추천 상품 호출(미정제): {goods_seq: 22696, category_code: 001800010001, results: Array(100)} @ LIVE.js:358
[    4886ms] [LOG] [Mobile Result] Valid: 8 / Original: 8 @ Mobile.js:411
[    5411ms] [LOG] 품절 상태 데이터: [Object, Object, Object, Object, Object, Object, Object, Object, Object, Object, Object, Object, Object, Object, Object, Object, Object, Object, Object, Object, Object, Object, Object, Object, Object, Object, Object, Object, Object, Object, Object, Object, Object, Object, Object, Object, Object, Object, Object, Object, Object, Object, Object, Object, Object, Object, Object, Object, Object, Object, Object, Object, Object, Object, Object, Object, Object, Object, Object, Object, Object, Object, Object, Object, Object, Object, Object, Object, Object, Object, Object, Object, Object, Object, Object, Object, Object, Object, Object, Object, Object, Object, Object, Object, Object, Object, Object, Object, Object, Object, Object, Object, Object, Object, Object, Object, Object, Object, Object, Object] @ LIVE.js:503
[    5411ms] [LOG] 최종 리스트 [Object, Object, Object, Object, Object, Object, Object, Object, Object, Object, Object, Object, Object, Object, Object] @ LIVE.js:523
[    5460ms] [LOG] 현재 전달된 전체 응답: {19685: look, 21906: look, 21910: look, 22015: look, 22267: look, 22476: look, 22581: look, 22594: look, 22595: look, 22597: look, 22686: look, 22687: look} @ PCVer.js:534
[    5460ms] [LOG] 상품ID: 22581 -> API 응답값: look (✅ 통과) @ PCVer.js:537
[    5460ms] [LOG] 상품ID: 22595 -> API 응답값: look (✅ 통과) @ PCVer.js:537
[    5460ms] [LOG] 상품ID: 21906 -> API 응답값: look (✅ 통과) @ PCVer.js:537
[    5460ms] [LOG] 상품ID: 22476 -> API 응답값: look (✅ 통과) @ PCVer.js:537
[    5460ms] [LOG] 상품ID: 19685 -> API 응답값: look (✅ 통과) @ PCVer.js:537
[    5460ms] [LOG] 상품ID: 22594 -> API 응답값: look (✅ 통과) @ PCVer.js:537
[    5460ms] [LOG] 상품ID: 22687 -> API 응답값: look (✅ 통과) @ PCVer.js:537
[    5460ms] [LOG] 상품ID: 21910 -> API 응답값: look (✅ 통과) @ PCVer.js:537
[    5460ms] [LOG] 상품ID: 22267 -> API 응답값: look (✅ 통과) @ PCVer.js:537
[    5460ms] [LOG] 상품ID: 22015 -> API 응답값: look (✅ 통과) @ PCVer.js:537
[    5460ms] [LOG] 상품ID: 22686 -> API 응답값: look (✅ 통과) @ PCVer.js:537
[    5460ms] [LOG] 상품ID: 22597 -> API 응답값: look (✅ 통과) @ PCVer.js:537
[    5461ms] [LOG] %c[Result] 최종 노출 상품: 12개 color: green; font-weight: bold; @ PCVer.js:565
[    7240ms] [LOG] {"status":"ok","message":"데이터 저장 완료"} @ LIVE.js:688
[    7242ms] [LOG] {"status":"ok","message":"데이터 저장 완료"} @ LIVE.js:688
[    7244ms] [LOG] {"status":"ok","message":"데이터 저장 완료"} @ LIVE.js:688
[    7252ms] [LOG] {"status":"ok","message":"데이터 저장 완료"} @ LIVE.js:688
[    7252ms] [LOG] {"status":"ok","message":"데이터 저장 완료"} @ LIVE.js:688
[    7253ms] [LOG] {"status":"ok","message":"데이터 저장 완료"} @ LIVE.js:688
[    7729ms] [LOG] API 전송 조건 불충족: prevUserId/referrer/memberSeq 값 확인 @ https://cdn.evgnet.com/beacon/j55653z555563j2e3wa3d3n3w091568796/asics/scripts/evergage.min.js:1746
[    7729ms] [LOG] PrevUserId: 166c7f7dfa50570f @ https://cdn.evgnet.com/beacon/j55653z555563j2e3wa3d3n3w091568796/asics/scripts/evergage.min.js:1747
[    7729ms] [LOG] Referrer:  @ https://cdn.evgnet.com/beacon/j55653z555563j2e3wa3d3n3w091568796/asics/scripts/evergage.min.js:1748
[    7729ms] [LOG] ReferrerMatched: false @ https://cdn.evgnet.com/beacon/j55653z555563j2e3wa3d3n3w091568796/asics/scripts/evergage.min.js:1749
[    7729ms] [LOG] MemberSeq:  @ https://cdn.evgnet.com/beacon/j55653z555563j2e3wa3d3n3w091568796/asics/scripts/evergage.min.js:1750
[    7729ms] [LOG] WaitedMs: 5187 @ https://cdn.evgnet.com/beacon/j55653z555563j2e3wa3d3n3w091568796/asics/scripts/evergage.min.js:1751
[    7796ms] [LOG] {"status":"ok","message":"데이터 저장 완료"} @ LIVE.js:688
[    7825ms] [LOG] {"status":"ok","message":"데이터 저장 완료"} @ LIVE.js:688
[    7825ms] [LOG] {"status":"ok","message":"데이터 저장 완료"} @ LIVE.js:688
[    7840ms] [LOG] {"status":"ok","message":"데이터 저장 완료"} @ LIVE.js:688
[    7844ms] [LOG] {"status":"ok","message":"데이터 저장 완료"} @ LIVE.js:688
[    7844ms] [LOG] {"status":"ok","message":"데이터 저장 완료"} @ LIVE.js:688
[    8568ms] [LOG] {"status":"ok","message":"데이터 저장 완료"} @ LIVE.js:688
[    8664ms] [LOG] {"status":"ok","message":"데이터 저장 완료"} @ LIVE.js:688
[    8664ms] [LOG] {"status":"ok","message":"데이터 저장 완료"} @ LIVE.js:688
[   20099ms] [LOG] this.retval.getReqType() 5003 @ https://www.asics.co.kr/vendor/netfunnel/netfunnel.js?v=2.3.12:92
[   38119ms] [LOG] this.retval.getReqType() 5003 @ https://www.asics.co.kr/vendor/netfunnel/netfunnel.js?v=2.3.12:92
[   56148ms] [LOG] this.retval.getReqType() 5003 @ https://www.asics.co.kr/vendor/netfunnel/netfunnel.js?v=2.3.12:92
[   74171ms] [LOG] this.retval.getReqType() 5003 @ https://www.asics.co.kr/vendor/netfunnel/netfunnel.js?v=2.3.12:92
[   92184ms] [LOG] this.retval.getReqType() 5003 @ https://www.asics.co.kr/vendor/netfunnel/netfunnel.js?v=2.3.12:92
[  110199ms] [LOG] this.retval.getReqType() 5003 @ https://www.asics.co.kr/vendor/netfunnel/netfunnel.js?v=2.3.12:92
