[     921ms] [WARNING] The key "target-densitydpi" is not supported. @ https://m.asics.co.kr/p/AKR_112630225-102:18
[     968ms] [LOG] 2026-07-06 20:11 @ https://cdn.evgnet.com/beacon/j55653z555563j2e3wa3d3n3w091568796/asics/scripts/evergage.min.js:881
[     968ms] [LOG] 20261001142131 @ https://cdn.evgnet.com/beacon/j55653z555563j2e3wa3d3n3w091568796/asics/scripts/evergage.min.js:1303
[     976ms] [LOG] Debugging 0 @ https://cdn.evgnet.com/beacon/j55653z555563j2e3wa3d3n3w091568796/asics/scripts/evergage.min.js:1805
[     976ms] [LOG] Mobile Device Width: 390 @ https://cdn.evgnet.com/beacon/j55653z555563j2e3wa3d3n3w091568796/asics/scripts/evergage.min.js:1968
[     993ms] Unexpected string
[     993ms] [LOG] ../coupon/goods_coupon_list?return=json&no=22687&return_url=%2Fp%2FAKR_112630225-102 @ https://m.asics.co.kr/p/AKR_112630225-102:1329
[    1344ms] [LOG] this.retval.getReqType() 5003 @ https://m.asics.co.kr/vendor/netfunnel/netfunnel.js?v=2.3.12:92
[    1384ms] [LOG] %c IF %c A %c DO %c B %c 이프두 %c 마케팅 자동화 & 온사이트 마케팅 서비스 font-weight: bold;background-color:#313235;color:#ffffff; font-weight: bold;background-color:#313235;color:#ffffff;color:#ffc400 font-weight: bold;background-color:#313235;color:#ffffff; font-weight: bold;background-color:#313235;color:#ffffff;color:#ffc400 font-weight: bold font-weight: bold;background-color:#313235;color:#ffffff;background: linear-gradient(91.59deg, #107BF9 -0.96%, #E20A65 99.96%);border-radius:3px;padding:8px; @ https://script.ifdo.co.kr/jfullscript.js:0
[    1496ms] [WARNING] [Meta Pixel] - Invalid parameter format for currency. Please refer https://developers.facebook.com/docs/meta-pixel/reference/ for valid parameter specifications. @ https://connect.facebook.net/en_US/fbevents.js:203
[    1544ms] [WARNING] [Meta Pixel] - Invalid parameter format for currency. Please refer https://developers.facebook.com/docs/meta-pixel/reference/ for valid parameter specifications. @ https://connect.facebook.net/en_US/fbevents.js:203
[    2131ms] [LOG] ✅ Edge 브라우저 여부: false @ https://widgets.cre.ma/asics.co.kr/v2/init.js:76
[    2131ms] [LOG] ✅ PC여부: true @ https://widgets.cre.ma/asics.co.kr/v2/init.js:77
[    2131ms] [LOG] ✅ 상품 상세 페이지 여부: true @ https://widgets.cre.ma/asics.co.kr/v2/init.js:78
[    2131ms] [LOG] ❌ window.fromCrema 객체가 존재하지 않습니다. @ https://widgets.cre.ma/asics.co.kr/v2/init.js:81
[    2949ms] [LOG] 1 undefined @ LIVEVC.js:209
[    2955ms] [LOG] [Mobile Check] 총 8개 상품 검증 시작 color: blue @ Mobile.js:363
[    4989ms] [LOG] {"status":"ok","message":"데이터 저장 완료"} @ LIVEVC.js:316
[    5422ms] [LOG] [Mobile Result] Valid: 8 / Original: 8 @ Mobile.js:411
[    6986ms] [LOG] API 전송 조건 불충족: prevUserId/referrer/memberSeq 값 확인 @ https://cdn.evgnet.com/beacon/j55653z555563j2e3wa3d3n3w091568796/asics/scripts/evergage.min.js:1746
[    6986ms] [LOG] PrevUserId: 0255d334ae530330 @ https://cdn.evgnet.com/beacon/j55653z555563j2e3wa3d3n3w091568796/asics/scripts/evergage.min.js:1747
[    6986ms] [LOG] Referrer:  @ https://cdn.evgnet.com/beacon/j55653z555563j2e3wa3d3n3w091568796/asics/scripts/evergage.min.js:1748
[    6986ms] [LOG] ReferrerMatched: false @ https://cdn.evgnet.com/beacon/j55653z555563j2e3wa3d3n3w091568796/asics/scripts/evergage.min.js:1749
[    6986ms] [LOG] MemberSeq:  @ https://cdn.evgnet.com/beacon/j55653z555563j2e3wa3d3n3w091568796/asics/scripts/evergage.min.js:1750
[    6986ms] [LOG] WaitedMs: 5181 @ https://cdn.evgnet.com/beacon/j55653z555563j2e3wa3d3n3w091568796/asics/scripts/evergage.min.js:1751
[    7423ms] [LOG] 품절 상태 데이터: [Object, Object, Object, Object, Object, Object, Object, Object, Object, Object, Object, Object, Object, Object, Object, Object, Object, Object, Object, Object, Object, Object, Object, Object, Object, Object, Object, Object, Object, Object, Object, Object, Object, Object, Object, Object, Object, Object, Object, Object, Object, Object, Object, Object, Object, Object, Object, Object, Object, Object, Object, Object, Object, Object, Object, Object, Object, Object, Object, Object, Object, Object, Object, Object, Object, Object, Object, Object, Object, Object, Object, Object, Object, Object, Object, Object, Object, Object, Object, Object, Object, Object, Object, Object, Object, Object, Object, Object, Object, Object, Object, Object, Object, Object, Object, Object, Object, Object, Object, Object] @ LIVE.js:503
[    7423ms] [LOG] 최종 리스트 [Object, Object, Object, Object, Object, Object, Object, Object, Object, Object, Object, Object, Object, Object, Object] @ LIVE.js:523
[    9064ms] [LOG] {"status":"ok","message":"데이터 저장 완료"} @ LIVE.js:688
[    9200ms] [LOG] {"status":"ok","message":"데이터 저장 완료"} @ LIVE.js:688
[    9200ms] [LOG] {"status":"ok","message":"데이터 저장 완료"} @ LIVE.js:688
[    9216ms] [LOG] {"status":"ok","message":"데이터 저장 완료"} @ LIVE.js:688
[    9217ms] [LOG] {"status":"ok","message":"데이터 저장 완료"} @ LIVE.js:688
[    9217ms] [LOG] {"status":"ok","message":"데이터 저장 완료"} @ LIVE.js:688
[    9272ms] [LOG] {"status":"ok","message":"데이터 저장 완료"} @ LIVE.js:688
[    9280ms] [LOG] {"status":"ok","message":"데이터 저장 완료"} @ LIVE.js:688
[    9280ms] [LOG] {"status":"ok","message":"데이터 저장 완료"} @ LIVE.js:688
[    9289ms] [LOG] {"status":"ok","message":"데이터 저장 완료"} @ LIVE.js:688
[    9292ms] [LOG] {"status":"ok","message":"데이터 저장 완료"} @ LIVE.js:688
[    9300ms] [LOG] {"status":"ok","message":"데이터 저장 완료"} @ LIVE.js:688
[    9305ms] [LOG] {"status":"ok","message":"데이터 저장 완료"} @ LIVE.js:688
[    9308ms] [LOG] {"status":"ok","message":"데이터 저장 완료"} @ LIVE.js:688
[    9312ms] [LOG] {"status":"ok","message":"데이터 저장 완료"} @ LIVE.js:688
[   19368ms] [LOG] this.retval.getReqType() 5003 @ https://m.asics.co.kr/vendor/netfunnel/netfunnel.js?v=2.3.12:92
