[     447ms] [ERROR] Failed to load resource: the server responded with a status of 403 () @ https://www.hoka.com/en/us/:0
[    3208ms] [LOG] lib/bricks/utils/src/js/utils.js=$_1 function( selector, context ) {

		// The jQuery object is actually just the init constructor 'enhanced'
		// Need init if jQuery is called (just allow error to be thrown if not included)
		return new jQuery.fn.init( selector, context );
	} @ https://sitegenesis.production.deckers.coremedia.cloud/resource/themes/hoka-sfra/js/commons-1479904-52.js:245
[    3208ms] [LOG] lib/bricks/utils/src/js/utils.js=$_2 function( selector, context ) {

		// The jQuery object is actually just the init constructor 'enhanced'
		// Need init if jQuery is called (just allow error to be thrown if not included)
		return new jQuery.fn.init( selector, context );
	} @ https://sitegenesis.production.deckers.coremedia.cloud/resource/themes/hoka-sfra/js/commons-1479904-52.js:247
[    3208ms] [LOG] lib/bricks/utils/src/js/utils.js=$_3 function( selector, context ) {

		// The jQuery object is actually just the init constructor 'enhanced'
		// Need init if jQuery is called (just allow error to be thrown if not included)
		return new jQuery.fn.init( selector, context );
	} @ https://sitegenesis.production.deckers.coremedia.cloud/resource/themes/hoka-sfra/js/commons-1479904-52.js:249
[    3208ms] [LOG] lib/bricks/utils/src/js/utils.js=$_4 function( selector, context ) {

		// The jQuery object is actually just the init constructor 'enhanced'
		// Need init if jQuery is called (just allow error to be thrown if not included)
		return new jQuery.fn.init( selector, context );
	} @ https://sitegenesis.production.deckers.coremedia.cloud/resource/themes/hoka-sfra/js/commons-1479904-52.js:251
[    3296ms] [LOG] About to start Start Responsive @ https://sitegenesis.production.deckers.coremedia.cloud/resource/themes/hoka-sfra/js/index-1479906-59.js:297
[    3451ms] [ERROR] Error executing ready callback:  TypeError: Cannot read properties of null (reading 'style')
    at https://www.hoka.com/en/us/:21705:20
    at https://www.hoka.com/on/demandware.static/Sites-HOKA-US-Site/-/en_US/v1790819693438/js/main.js:2:901165
    at Array.forEach (<anonymous>)
    at HTMLDocument.<anonymous> (https://www.hoka.com/on/demandware.static/Sites-HOKA-US-Site/-/en_US/v1790819693438/js/main.js:2:901149)
    at d (https://www.hoka.com/on/demandware.static/Sites-HOKA-US-Site/-/en_US/v1790819693438/js/main.js:2:426678)
    at c (https://www.hoka.com/on/demandware.static/Sites-HOKA-US-Site/-/en_US/v1790819693438/js/main.js:2:426980) @ https://www.hoka.com/on/demandware.static/Sites-HOKA-US-Site/-/en_US/v1790819693438/js/main.js:1
[    3462ms] [LOG] JSHandle@node @ :6
[    3462ms] [LOG] JSHandle@node @ :6
[    3462ms] [LOG] JSHandle@node @ :6
[    3462ms] [LOG] JSHandle@node @ :6
[    3504ms] [WARNING] jQuery.Deferred exception: d.emptyCartLinkClickEvent is not a function TypeError: d.emptyCartLinkClickEvent is not a function
    at HTMLDocument.<anonymous> (https://www.hoka.com/on/demandware.static/Sites-HOKA-US-Site/-/en_US/v1790819693438/js/main.js:2:40434)
    at d (https://www.hoka.com/on/demandware.static/Sites-HOKA-US-Site/-/en_US/v1790819693438/js/main.js:2:426678)
    at c (https://www.hoka.com/on/demandware.static/Sites-HOKA-US-Site/-/en_US/v1790819693438/js/main.js:2:426980) undefined @ https://www.hoka.com/on/demandware.static/Sites-HOKA-US-Site/-/en_US/v1790819693438/js/main.js:1
[    3544ms] TypeError: d.emptyCartLinkClickEvent is not a function
    at HTMLDocument.<anonymous> (https://www.hoka.com/on/demandware.static/Sites-HOKA-US-Site/-/en_US/v1790819693438/js/main.js:2:40434)
    at d (https://www.hoka.com/on/demandware.static/Sites-HOKA-US-Site/-/en_US/v1790819693438/js/main.js:2:426678)
    at c (https://www.hoka.com/on/demandware.static/Sites-HOKA-US-Site/-/en_US/v1790819693438/js/main.js:2:426980)
[    8469ms] [WARNING] FullStory not available @ :22
[   13420ms] Uncaught (in promise) Error: timeout
    at a (https://cdn.dynamicyield.com/api/8774668/api_dynamic.js:0:3145704)
[   13420ms] Uncaught (in promise) Error: timeout
    at a (https://cdn.dynamicyield.com/api/8774668/api_dynamic.js:0:3146265)
[   13421ms] Uncaught (in promise) Error: timeout
    at a (https://cdn.dynamicyield.com/api/8774668/api_dynamic.js:0:3145704)
[   13421ms] Uncaught (in promise) Error: timeout
    at a (https://cdn.dynamicyield.com/api/8774668/api_dynamic.js:0:3146265)
[   13421ms] Uncaught (in promise) Error: timeout
    at a (https://cdn.dynamicyield.com/api/8774668/api_dynamic.js:0:3145704)
[   13421ms] Uncaught (in promise) Error: timeout
    at a (https://cdn.dynamicyield.com/api/8774668/api_dynamic.js:0:3146265)
[   13421ms] Uncaught (in promise) Error: timeout
    at a (https://cdn.dynamicyield.com/api/8774668/api_dynamic.js:0:3145704)
[   13421ms] Uncaught (in promise) Error: timeout
    at a (https://cdn.dynamicyield.com/api/8774668/api_dynamic.js:0:3146265)
[   13421ms] Uncaught (in promise) Error: timeout
    at a (https://cdn.dynamicyield.com/api/8774668/api_dynamic.js:0:3145704)
[   13421ms] Uncaught (in promise) Error: timeout
    at a (https://cdn.dynamicyield.com/api/8774668/api_dynamic.js:0:3146265)
[   13421ms] Uncaught (in promise) Error: timeout
    at a (https://cdn.dynamicyield.com/api/8774668/api_dynamic.js:0:3145704)
[   13421ms] Uncaught (in promise) Error: timeout
    at a (https://cdn.dynamicyield.com/api/8774668/api_dynamic.js:0:3146265)
[   13421ms] Uncaught (in promise) Error: timeout
    at a (https://cdn.dynamicyield.com/api/8774668/api_dynamic.js:0:3145704)
[   13421ms] Uncaught (in promise) Error: timeout
    at a (https://cdn.dynamicyield.com/api/8774668/api_dynamic.js:0:3146265)
[   13421ms] Uncaught (in promise) Error: timeout
    at a (https://cdn.dynamicyield.com/api/8774668/api_dynamic.js:0:3145704)
[   13421ms] Uncaught (in promise) Error: timeout
    at a (https://cdn.dynamicyield.com/api/8774668/api_dynamic.js:0:3146265)
[   13421ms] Uncaught (in promise) Error: timeout
    at a (https://cdn.dynamicyield.com/api/8774668/api_dynamic.js:0:3145704)
[   13421ms] Uncaught (in promise) Error: timeout
    at a (https://cdn.dynamicyield.com/api/8774668/api_dynamic.js:0:3146265)
[   13421ms] Uncaught (in promise) Error: timeout
    at a (https://cdn.dynamicyield.com/api/8774668/api_dynamic.js:0:3145704)
[   13421ms] Uncaught (in promise) Error: timeout
    at a (https://cdn.dynamicyield.com/api/8774668/api_dynamic.js:0:3146265)
[   13421ms] Uncaught (in promise) Error: timeout
    at a (https://cdn.dynamicyield.com/api/8774668/api_dynamic.js:0:3145704)
[   13421ms] Uncaught (in promise) Error: timeout
    at a (https://cdn.dynamicyield.com/api/8774668/api_dynamic.js:0:3146265)
[   13421ms] Uncaught (in promise) Error: timeout
    at a (https://cdn.dynamicyield.com/api/8774668/api_dynamic.js:0:3145704)
[   13421ms] Uncaught (in promise) Error: timeout
    at a (https://cdn.dynamicyield.com/api/8774668/api_dynamic.js:0:3146265)
[   13421ms] Uncaught (in promise) Error: timeout
    at a (https://cdn.dynamicyield.com/api/8774668/api_dynamic.js:0:3145704)
[   13421ms] Uncaught (in promise) Error: timeout
    at a (https://cdn.dynamicyield.com/api/8774668/api_dynamic.js:0:3146265)
[   13421ms] Uncaught (in promise) Error: timeout
    at a (https://cdn.dynamicyield.com/api/8774668/api_dynamic.js:0:3145704)
[   13421ms] Uncaught (in promise) Error: timeout
    at a (https://cdn.dynamicyield.com/api/8774668/api_dynamic.js:0:3146265)
[   13421ms] Uncaught (in promise) Error: timeout
    at a (https://cdn.dynamicyield.com/api/8774668/api_dynamic.js:0:3145704)
[   13421ms] Uncaught (in promise) Error: timeout
    at a (https://cdn.dynamicyield.com/api/8774668/api_dynamic.js:0:3146265)
[   13421ms] Uncaught (in promise) Error: timeout
    at a (https://cdn.dynamicyield.com/api/8774668/api_dynamic.js:0:3145704)
[   13421ms] Uncaught (in promise) Error: timeout
    at a (https://cdn.dynamicyield.com/api/8774668/api_dynamic.js:0:3146265)
[   13421ms] Uncaught (in promise) Error: timeout
    at a (https://cdn.dynamicyield.com/api/8774668/api_dynamic.js:0:3145704)
[   13421ms] Uncaught (in promise) Error: timeout
    at a (https://cdn.dynamicyield.com/api/8774668/api_dynamic.js:0:3146265)
[   13421ms] Uncaught (in promise) Error: timeout
    at a (https://cdn.dynamicyield.com/api/8774668/api_dynamic.js:0:3145704)
[   13421ms] Uncaught (in promise) Error: timeout
    at a (https://cdn.dynamicyield.com/api/8774668/api_dynamic.js:0:3146265)
[   13421ms] Uncaught (in promise) Error: timeout
    at a (https://cdn.dynamicyield.com/api/8774668/api_dynamic.js:0:3145704)
[   13422ms] Uncaught (in promise) Error: timeout
    at a (https://cdn.dynamicyield.com/api/8774668/api_dynamic.js:0:3146265)
[   13422ms] Uncaught (in promise) Error: timeout
    at a (https://cdn.dynamicyield.com/api/8774668/api_dynamic.js:0:3145704)
[   13422ms] Uncaught (in promise) Error: timeout
    at a (https://cdn.dynamicyield.com/api/8774668/api_dynamic.js:0:3146265)
[   13422ms] Uncaught (in promise) Error: timeout
    at a (https://cdn.dynamicyield.com/api/8774668/api_dynamic.js:0:3145704)
[   13422ms] Uncaught (in promise) Error: timeout
    at a (https://cdn.dynamicyield.com/api/8774668/api_dynamic.js:0:3146265)
[   13526ms] Uncaught (in promise) Error: timeout
    at a (https://cdn.dynamicyield.com/api/8774668/api_dynamic.js:0:3145704)
[   13526ms] Uncaught (in promise) Error: timeout
    at a (https://cdn.dynamicyield.com/api/8774668/api_dynamic.js:0:3146265)
[   13526ms] Uncaught (in promise) Error: timeout
    at a (https://cdn.dynamicyield.com/api/8774668/api_dynamic.js:0:3145704)
[   13526ms] Uncaught (in promise) Error: timeout
    at a (https://cdn.dynamicyield.com/api/8774668/api_dynamic.js:0:3146265)
[   13526ms] Uncaught (in promise) Error: timeout
    at a (https://cdn.dynamicyield.com/api/8774668/api_dynamic.js:0:3145704)
[   13526ms] Uncaught (in promise) Error: timeout
    at a (https://cdn.dynamicyield.com/api/8774668/api_dynamic.js:0:3146265)
