[      53ms] Uncaught TypeError: Cannot read properties of null (reading 'appendChild')
    at <anonymous> (https://script.ifdo.co.kr/jfullscript.js:0:211690)
[      76ms] [LOG] %c IF %c A %c DO %c B %c 이프두 %c 마케팅 자동화 & 온사이트 마케팅 서비스 font-weight: bold;background-color:#313235;color:#ffffff; font-weight: bold;background-color:#313235;color:#ffffff;color:#ffc400 font-weight: bold;background-color:#313235;color:#ffffff; font-weight: bold;background-color:#313235;color:#ffffff;color:#ffc400 font-weight: bold font-weight: bold;background-color:#313235;color:#ffffff;background: linear-gradient(91.59deg, #107BF9 -0.96%, #E20A65 99.96%);border-radius:3px;padding:8px; @ https://script.ifdo.co.kr/jfullscript.js:0
[      85ms] [LOG] this.retval.getReqType() 5002 @ https://m.asics.co.kr/vendor/netfunnel/netfunnel.js?v=2.3.12:92
[    1381ms] [WARNING] The key "target-densitydpi" is not supported. @ https://m.asics.co.kr/c/m-running-shoes:18
[    1486ms] [LOG] 2026-07-06 20:11 @ https://cdn.evgnet.com/beacon/j55653z555563j2e3wa3d3n3w091568796/asics/scripts/evergage.min.js:881
[    1487ms] [LOG] 20261001142111 @ https://cdn.evgnet.com/beacon/j55653z555563j2e3wa3d3n3w091568796/asics/scripts/evergage.min.js:1303
[    1491ms] [LOG] Debugging 0 @ https://cdn.evgnet.com/beacon/j55653z555563j2e3wa3d3n3w091568796/asics/scripts/evergage.min.js:1805
[    1491ms] [LOG] Mobile Device Width: 390 @ https://cdn.evgnet.com/beacon/j55653z555563j2e3wa3d3n3w091568796/asics/scripts/evergage.min.js:1968
[    1699ms] [LOG] ID 로컬 스토리지에 저장: 0255d334ae530330 @ https://cdn.evgnet.com/beacon/j55653z555563j2e3wa3d3n3w091568796/asics/scripts/evergage.min.js:1647
[    1789ms] [WARNING] [Meta Pixel] - Invalid parameter format for currency. Please refer https://developers.facebook.com/docs/meta-pixel/reference/ for valid parameter specifications. @ https://connect.facebook.net/en_US/fbevents.js:203
[    1823ms] [LOG] %c IF %c A %c DO %c B %c 이프두 %c 마케팅 자동화 & 온사이트 마케팅 서비스 font-weight: bold;background-color:#313235;color:#ffffff; font-weight: bold;background-color:#313235;color:#ffffff;color:#ffc400 font-weight: bold;background-color:#313235;color:#ffffff; font-weight: bold;background-color:#313235;color:#ffffff;color:#ffc400 font-weight: bold font-weight: bold;background-color:#313235;color:#ffffff;background: linear-gradient(91.59deg, #107BF9 -0.96%, #E20A65 99.96%);border-radius:3px;padding:8px; @ https://script.ifdo.co.kr/jfullscript.js:0
[    1886ms] [WARNING] [Meta Pixel] - Invalid parameter format for currency. Please refer https://developers.facebook.com/docs/meta-pixel/reference/ for valid parameter specifications. @ https://connect.facebook.net/en_US/fbevents.js:203
[    2039ms] [LOG] this.retval.getReqType() 5003 @ https://m.asics.co.kr/vendor/netfunnel/netfunnel.js?v=2.3.12:92
[    2975ms] [LOG] ✅ Edge 브라우저 여부: false @ https://widgets.cre.ma/asics.co.kr/v2/init.js:76
[    2975ms] [LOG] ✅ PC여부: true @ https://widgets.cre.ma/asics.co.kr/v2/init.js:77
[    2975ms] [LOG] ✅ 상품 상세 페이지 여부: false @ https://widgets.cre.ma/asics.co.kr/v2/init.js:78
[    2975ms] [LOG] ❌ window.fromCrema 객체가 존재하지 않습니다. @ https://widgets.cre.ma/asics.co.kr/v2/init.js:81
[    7817ms] [LOG] API 전송 조건 불충족: prevUserId/referrer/memberSeq 값 확인 @ https://cdn.evgnet.com/beacon/j55653z555563j2e3wa3d3n3w091568796/asics/scripts/evergage.min.js:1746
[    7817ms] [LOG] PrevUserId: 0255d334ae530330 @ https://cdn.evgnet.com/beacon/j55653z555563j2e3wa3d3n3w091568796/asics/scripts/evergage.min.js:1747
[    7817ms] [LOG] Referrer: https://m.asics.co.kr/c/m-running-shoes @ https://cdn.evgnet.com/beacon/j55653z555563j2e3wa3d3n3w091568796/asics/scripts/evergage.min.js:1748
[    7817ms] [LOG] ReferrerMatched: false @ https://cdn.evgnet.com/beacon/j55653z555563j2e3wa3d3n3w091568796/asics/scripts/evergage.min.js:1749
[    7817ms] [LOG] MemberSeq:  @ https://cdn.evgnet.com/beacon/j55653z555563j2e3wa3d3n3w091568796/asics/scripts/evergage.min.js:1750
[    7817ms] [LOG] WaitedMs: 5176 @ https://cdn.evgnet.com/beacon/j55653z555563j2e3wa3d3n3w091568796/asics/scripts/evergage.min.js:1751
[   20061ms] [LOG] this.retval.getReqType() 5003 @ https://m.asics.co.kr/vendor/netfunnel/netfunnel.js?v=2.3.12:92
