[     234ms] [LOG] Custom Analytics code ran for IDEA-1297 V2 OA login nudge_ANA @ https://cdn.dynamicyield.com/api/8774246/api_dynamic.js:0
[     255ms] [LOG] Custom Analytics code ran for IDEA-1286 Shop the look with hotspots ANA @ https://cdn.dynamicyield.com/api/8774246/api_dynamic.js:0
[     280ms] [LOG] Custom Analytics code ran for IDEA-1159 PDP Layout ANA @ https://cdn.dynamicyield.com/api/8774246/api_dynamic.js:0
[     581ms] [ERROR] Failed to load resource: the server responded with a status of 404 () @ https://asics.scene7.com/is/content/asics/items/approved/video/global/2026_2/asics/footwear/1011C127_102_VI_CR.mp4:0
[     645ms] [ERROR] Failed to load resource: the server responded with a status of 404 () @ https://asics.scene7.com/is/content/asics/items/approved/video/global/2026_2/asics/footwear/1011C127_102_VI_CR.mp4:0
[     981ms] [ERROR] Failed to load resource: the server responded with a status of 404 () @ https://asics.scene7.com/is/content/asics/items/approved/video/global/2026_2/asics/footwear/1011C127_102_VI_CR.mp4:0
[    1002ms] [LOG] Active Data scripts loaded successfully @ https://www.asics.com/us/mobify/bundle/9928/main.js:0
[    1009ms] [WARNING] Google Maps JavaScript API has been loaded directly without loading=async. This can result in suboptimal performance. For best-practice loading patterns please see https://goo.gle/js-api-loading @ https://maps.googleapis.com/maps/api/js?key=AIzaSyDqstP8RWMwkuJYsaWQ29dZFim3506MteA&libraries=geometry,marker:1076
[    1065ms] [LOG] token config = {email: , phonenumber: , gdpr: Object, ttl: 9600} @ https://www.googletagmanager.com/gtm.js?id=GTM-MZMX5LM8:1048
[    1088ms] [ERROR] Failed to load resource: the server responded with a status of 404 () @ https://asics.scene7.com/is/content/asics/items/approved/video/global/2026_2/asics/footwear/1011C127_102_VI_CR.mp4:0
[    1095ms] [WARNING] BV Loader should only be called once per page. @ https://apps.bazaarvoice.com/bv.js:22
[    2474ms] [WARNING] Unrecognized feature: 'attribution-reporting'. @ https://c.amazon-adsystem.com/aat/amzn.js:1
[    2535ms] [WARNING] [Meta Pixel] - Duplicate Pixel ID: 1445141868842740. @ https://connect.facebook.net/en_US/fbevents.js:203
[    2582ms] [WARNING] [Meta Pixel] - Duplicate Pixel ID: 516344208573191. @ https://connect.facebook.net/en_US/fbevents.js:203
[    2624ms] [WARNING] [Meta Pixel] - Duplicate Pixel ID: 357483877954567. @ https://connect.facebook.net/en_US/fbevents.js:203
[    2805ms] [LOG] IM feedback run:true @ https://dispawsusva.inmoment.com/intercept/v1/2590/604a1hfxVIAJXGgLN1w==/extra.js?testing=false:47
[    2811ms] [LOG] IMt->site exit @ https://dispawsusva.inmoment.com/intercept/v1/2590/604a1hfxVIAJXGgLN1w==/extra.js?testing=false:145
[    2811ms] [LOG] IM->isInterceptSuppressed @ https://dispawsusva.inmoment.com/intercept/v1/customJS/2590/604a1hfxVIAJXGgLN1w==?loadTestCustomJS=false:643
[    2811ms] [LOG] {intId: 1643, type: site_exit} @ https://dispawsusva.inmoment.com/intercept/v1/customJS/2590/604a1hfxVIAJXGgLN1w==?loadTestCustomJS=false:644
[    2811ms] [LOG] false @ https://dispawsusva.inmoment.com/intercept/v1/customJS/2590/604a1hfxVIAJXGgLN1w==?loadTestCustomJS=false:735
[    2812ms] [LOG] IMt->site exit->isElapsedTime=false @ https://dispawsusva.inmoment.com/intercept/v1/2590/604a1hfxVIAJXGgLN1w==/extra.js?testing=false:173
[    2890ms] [VERBOSE] [DOM] Input elements should have autocomplete attributes (suggested: "new-password"): (More info: https://goo.gl/9p2vKq) %o @ https://www.asics.com/us/en-us/gel-nimbus-28/p/ANA_1011C127-102.html:0
[    4021ms] [LOG] Custom Analytics code ran for IDEA-1297 V2 OA login nudge_ANA @ https://cdn.dynamicyield.com/api/8774246/api_dynamic.js:0
[    4041ms] [LOG] Custom Analytics code ran for IDEA-1169 PDP Images hotspots-techsheets_ANA @ https://cdn.dynamicyield.com/api/8774246/api_dynamic.js:0
[    4061ms] [LOG] Custom Analytics code ran for IDEA-1286 Shop the look with hotspots ANA @ https://cdn.dynamicyield.com/api/8774246/api_dynamic.js:0
[    4081ms] [LOG] Custom Analytics code ran for IDEA-1159 PDP Layout ANA @ https://cdn.dynamicyield.com/api/8774246/api_dynamic.js:0
[    4191ms] [LOG] [DY Hotspots] Element to hide not found: [data-test="product-specs"] > div > div > p > img[width="100%"] @ :628
[    4191ms] [LOG] [DY Hotspots] Rendered for SKU: 1011C127 @ :634
[    5071ms] [WARNING] The resource https://asicsdigitalinc.my.site.com/ESWMIAWANAWebChat1749030991527/sfsites/c/resource/CustomMIAWStyles/base/text.css?de01dd50b8 was preloaded using link preload but not used within a few seconds from the window's load event. Please make sure it has an appropriate `as` value and it is preloaded intentionally. @ https://asicsdigitalinc.my.site.com/ESWMIAWANAWebChat1749030991527/assets/htdocs/sitecontext.min.html?parent_domain=https%3A%2F%2Fwww.asics.com:0
[    5071ms] [WARNING] The resource https://asicsdigitalinc.my.site.com/ESWMIAWANAWebChat1749030991527/webruntime/view/62aa896a5850ab40792eb0cbef1b8719/prod/en-US/frame_view was preloaded using link preload but not used within a few seconds from the window's load event. Please make sure it has an appropriate `as` value and it is preloaded intentionally. @ https://asicsdigitalinc.my.site.com/ESWMIAWANAWebChat1749030991527/assets/htdocs/sitecontext.min.html?parent_domain=https%3A%2F%2Fwww.asics.com:0
[    5071ms] [WARNING] The resource https://asicsdigitalinc.my.site.com/ESWMIAWANAWebChat1749030991527/webruntime/view/215814235498c24e808866de1f00232e/prod/en-US/home_view was preloaded using link preload but not used within a few seconds from the window's load event. Please make sure it has an appropriate `as` value and it is preloaded intentionally. @ https://asicsdigitalinc.my.site.com/ESWMIAWANAWebChat1749030991527/assets/htdocs/sitecontext.min.html?parent_domain=https%3A%2F%2Fwww.asics.com:0
[    5071ms] [WARNING] The resource https://asicsdigitalinc.my.site.com/ESWMIAWANAWebChat1749030991527/webruntime/framework/c6f5ab53a7/prod/lwr_lwc was preloaded using link preload but not used within a few seconds from the window's load event. Please make sure it has an appropriate `as` value and it is preloaded intentionally. @ https://asicsdigitalinc.my.site.com/ESWMIAWANAWebChat1749030991527/assets/htdocs/sitecontext.min.html?parent_domain=https%3A%2F%2Fwww.asics.com:0
[    5071ms] [WARNING] The resource https://asicsdigitalinc.my.site.com/ESWMIAWANAWebChat1749030991527/sfsites/c/resource/CustomMIAWStyles/components/header/header.css?de01dd50b8 was preloaded using link preload but not used within a few seconds from the window's load event. Please make sure it has an appropriate `as` value and it is preloaded intentionally. @ https://asicsdigitalinc.my.site.com/ESWMIAWANAWebChat1749030991527/assets/htdocs/sitecontext.min.html?parent_domain=https%3A%2F%2Fwww.asics.com:0
[    5071ms] [WARNING] The resource https://asicsdigitalinc.my.site.com/ESWMIAWANAWebChat1749030991527/sfsites/c/resource/CustomMIAWStyles/components/minimized/notification.css?de01dd50b8 was preloaded using link preload but not used within a few seconds from the window's load event. Please make sure it has an appropriate `as` value and it is preloaded intentionally. @ https://asicsdigitalinc.my.site.com/ESWMIAWANAWebChat1749030991527/assets/htdocs/sitecontext.min.html?parent_domain=https%3A%2F%2Fwww.asics.com:0
[    5071ms] [WARNING] The resource https://asicsdigitalinc.my.site.com/ESWMIAWANAWebChat1749030991527/assets/styles/embedded-messaging-styling.min.css?de01dd50b8 was preloaded using link preload but not used within a few seconds from the window's load event. Please make sure it has an appropriate `as` value and it is preloaded intentionally. @ https://asicsdigitalinc.my.site.com/ESWMIAWANAWebChat1749030991527/assets/htdocs/sitecontext.min.html?parent_domain=https%3A%2F%2Fwww.asics.com:0
[    5071ms] [WARNING] The resource https://asicsdigitalinc.my.site.com/ESWMIAWANAWebChat1749030991527/sfsites/c/resource/CustomMIAWStyles/tokens/variables.css?de01dd50b8 was preloaded using link preload but not used within a few seconds from the window's load event. Please make sure it has an appropriate `as` value and it is preloaded intentionally. @ https://asicsdigitalinc.my.site.com/ESWMIAWANAWebChat1749030991527/assets/htdocs/sitecontext.min.html?parent_domain=https%3A%2F%2Fwww.asics.com:0
[    5071ms] [WARNING] The resource https://asicsdigitalinc.my.site.com/ESWMIAWANAWebChat1749030991527/webruntime/component/5b8557d8725fba2dbf2e6a4968ec430c/prod/en-US/force/luvioRuntimeWebruntime_cmp was preloaded using link preload but not used within a few seconds from the window's load event. Please make sure it has an appropriate `as` value and it is preloaded intentionally. @ https://asicsdigitalinc.my.site.com/ESWMIAWANAWebChat1749030991527/assets/htdocs/sitecontext.min.html?parent_domain=https%3A%2F%2Fwww.asics.com:0
[    5071ms] [WARNING] The resource https://asicsdigitalinc.my.site.com/ESWMIAWANAWebChat1749030991527/webruntime/framework/6ce0b87300/prod/lwr_loader was preloaded using link preload but not used within a few seconds from the window's load event. Please make sure it has an appropriate `as` value and it is preloaded intentionally. @ https://asicsdigitalinc.my.site.com/ESWMIAWANAWebChat1749030991527/assets/htdocs/sitecontext.min.html?parent_domain=https%3A%2F%2Fwww.asics.com:0
[    5071ms] [WARNING] The resource https://asicsdigitalinc.my.site.com/ESWMIAWANAWebChat1749030991527/webruntime/framework/cb2c1a2c50/prod/lwr_app_bootstrap_hook was preloaded using link preload but not used within a few seconds from the window's load event. Please make sure it has an appropriate `as` value and it is preloaded intentionally. @ https://asicsdigitalinc.my.site.com/ESWMIAWANAWebChat1749030991527/assets/htdocs/sitecontext.min.html?parent_domain=https%3A%2F%2Fwww.asics.com:0
[    5071ms] [WARNING] The resource https://asicsdigitalinc.my.site.com/ESWMIAWANAWebChat1749030991527/webruntime/component/259a789b5905e4a3e65c0942cc97421d/prod/en-US/force/luvioLwcBindings_cmp was preloaded using link preload but not used within a few seconds from the window's load event. Please make sure it has an appropriate `as` value and it is preloaded intentionally. @ https://asicsdigitalinc.my.site.com/ESWMIAWANAWebChat1749030991527/assets/htdocs/sitecontext.min.html?parent_domain=https%3A%2F%2Fwww.asics.com:0
[    5072ms] [WARNING] The resource https://asicsdigitalinc.my.site.com/ESWMIAWANAWebChat1749030991527/assets/styles/salesforce-lightning-design-system.min.css?de01dd50b8 was preloaded using link preload but not used within a few seconds from the window's load event. Please make sure it has an appropriate `as` value and it is preloaded intentionally. @ https://asicsdigitalinc.my.site.com/ESWMIAWANAWebChat1749030991527/assets/htdocs/sitecontext.min.html?parent_domain=https%3A%2F%2Fwww.asics.com:0
[    5072ms] [WARNING] The resource https://asicsdigitalinc.my.site.com/ESWMIAWANAWebChat1749030991527/sfsites/c/resource/CustomMIAWStyles/components/conversation/choice-menu.css?de01dd50b8 was preloaded using link preload but not used within a few seconds from the window's load event. Please make sure it has an appropriate `as` value and it is preloaded intentionally. @ https://asicsdigitalinc.my.site.com/ESWMIAWANAWebChat1749030991527/assets/htdocs/sitecontext.min.html?parent_domain=https%3A%2F%2Fwww.asics.com:0
[    5072ms] [WARNING] The resource https://asicsdigitalinc.my.site.com/ESWMIAWANAWebChat1749030991527/webruntime/framework/6186554a8e/prod/lwr_app was preloaded using link preload but not used within a few seconds from the window's load event. Please make sure it has an appropriate `as` value and it is preloaded intentionally. @ https://asicsdigitalinc.my.site.com/ESWMIAWANAWebChat1749030991527/assets/htdocs/sitecontext.min.html?parent_domain=https%3A%2F%2Fwww.asics.com:0
[    5072ms] [WARNING] The resource https://asicsdigitalinc.my.site.com/ESWMIAWANAWebChat1749030991527/sfsites/c/resource/CustomMIAWStyles/components/pre-chat/form.css?de01dd50b8 was preloaded using link preload but not used within a few seconds from the window's load event. Please make sure it has an appropriate `as` value and it is preloaded intentionally. @ https://asicsdigitalinc.my.site.com/ESWMIAWANAWebChat1749030991527/assets/htdocs/sitecontext.min.html?parent_domain=https%3A%2F%2Fwww.asics.com:0
[    5072ms] [WARNING] The resource https://asicsdigitalinc.my.site.com/ESWMIAWANAWebChat1749030991527/webruntime/framework/b73515aaa5/prod/lwr_bootstrap was preloaded using link preload but not used within a few seconds from the window's load event. Please make sure it has an appropriate `as` value and it is preloaded intentionally. @ https://asicsdigitalinc.my.site.com/ESWMIAWANAWebChat1749030991527/assets/htdocs/sitecontext.min.html?parent_domain=https%3A%2F%2Fwww.asics.com:0
[    5072ms] [WARNING] The resource https://asicsdigitalinc.my.site.com/ESWMIAWANAWebChat1749030991527/sfsites/c/resource/CustomMIAWStyles/components/conversation/message-bubble.css?de01dd50b8 was preloaded using link preload but not used within a few seconds from the window's load event. Please make sure it has an appropriate `as` value and it is preloaded intentionally. @ https://asicsdigitalinc.my.site.com/ESWMIAWANAWebChat1749030991527/assets/htdocs/sitecontext.min.html?parent_domain=https%3A%2F%2Fwww.asics.com:0
[   12102ms] [WARNING] The resource https://www.asics.com/us/mobify/bundle/9750/static/font/ASICSFont3.0-Bold.woff2 was preloaded using link preload but not used within a few seconds from the window's load event. Please make sure it has an appropriate `as` value and it is preloaded intentionally. @ https://www.asics.com/us/en-us/gel-nimbus-28/p/ANA_1011C127-102.html:0
[   12102ms] [WARNING] The resource https://www.asics.com/us/mobify/bundle/9750/static/font/ASICSFont3.0-Regular.woff2 was preloaded using link preload but not used within a few seconds from the window's load event. Please make sure it has an appropriate `as` value and it is preloaded intentionally. @ https://www.asics.com/us/en-us/gel-nimbus-28/p/ANA_1011C127-102.html:0
[   12102ms] [WARNING] The resource https://www.asics.com/us/mobify/bundle/9750/static/font/ASICSSportstyle_W_Rg.woff2 was preloaded using link preload but not used within a few seconds from the window's load event. Please make sure it has an appropriate `as` value and it is preloaded intentionally. @ https://www.asics.com/us/en-us/gel-nimbus-28/p/ANA_1011C127-102.html:0
[   13290ms] [ERROR] Give up on exposing the group! No utag.link found @ :13
[   29241ms] [WARNING] The resource https://www.asics.com/us/mobify/bundle/9750/static/font/ASICSFont3.0-Bold.woff2 was preloaded using link preload but not used within a few seconds from the window's load event. Please make sure it has an appropriate `as` value and it is preloaded intentionally. @ https://www.asics.com/us/en-us/gel-nimbus-28/p/ANA_1011C127-102.html:0
[   29241ms] [WARNING] The resource https://www.asics.com/us/mobify/bundle/9750/static/font/ASICSFont3.0-Regular.woff2 was preloaded using link preload but not used within a few seconds from the window's load event. Please make sure it has an appropriate `as` value and it is preloaded intentionally. @ https://www.asics.com/us/en-us/gel-nimbus-28/p/ANA_1011C127-102.html:0
[   29241ms] [WARNING] The resource https://www.asics.com/us/mobify/bundle/9750/static/font/ASICSSportstyle_W_Rg.woff2 was preloaded using link preload but not used within a few seconds from the window's load event. Please make sure it has an appropriate `as` value and it is preloaded intentionally. @ https://www.asics.com/us/en-us/gel-nimbus-28/p/ANA_1011C127-102.html:0
