[    1737ms] [INFO] NikeDotcomNav: Initializing. @ https://www.nike.com/kr/w/men-running-shoes-37v7jznik1zy7ok:18
[    1798ms] [INFO] NikeDotcomNav: Mounting. @ https://www.nike.com/kr/w/men-running-shoes-37v7jznik1zy7ok:18
[    1799ms] [LOG] Mounted global nav @ https://www.nike.com/kr/w/men-running-shoes-37v7jznik1zy7ok:18
[    2018ms] [ERROR] Failed to load resource: the server responded with a status of 429 () @ https://www.nike.com/149e9513-01fa-4fb0-aad4-566afd725d1b/2d206a39-8ed7-437e-a3be-862e0f06eea3/fp?x-kpsdk-v=j-1.2.797:0
[    2627ms] [LOG] Error @ :2
[    2640ms] [LOG] Error @ :2
[    2641ms] [LOG] Error @ :2
[    2943ms] [WARNING] Unable to create a text session because the service is not running. @ https://www.nike.com/149e9513-01fa-4fb0-aad4-566afd725d1b/2d206a39-8ed7-437e-a3be-862e0f06eea3/fp?x-kpsdk-v=j-1.2.797:0
[    2944ms] [ERROR] Failed to load resource: the server responded with a status of 404 () @ https://api.nike.com/buy/carts/v2/KR/NIKE/NIKECOM:0
[    3021ms] [WARNING] Unable to create a text session because the service is not running. @ https://www.nike.com/149e9513-01fa-4fb0-aad4-566afd725d1b/2d206a39-8ed7-437e-a3be-862e0f06eea3/fp?x-kpsdk-v=j-1.2.797:0
[    3029ms] [WARNING] Unable to create a text session because the service is not running. @ https://www.nike.com/149e9513-01fa-4fb0-aad4-566afd725d1b/2d206a39-8ed7-437e-a3be-862e0f06eea3/fp?x-kpsdk-v=j-1.2.797:0
[    3038ms] [WARNING] Unable to create a text session because the service is not running. @ https://www.nike.com/149e9513-01fa-4fb0-aad4-566afd725d1b/2d206a39-8ed7-437e-a3be-862e0f06eea3/fp?x-kpsdk-v=j-1.2.797:0
[    3048ms] [WARNING] The requested language options are not supported. @ https://www.nike.com/149e9513-01fa-4fb0-aad4-566afd725d1b/2d206a39-8ed7-437e-a3be-862e0f06eea3/fp?x-kpsdk-v=j-1.2.797:0
[    3048ms] [ERROR] Unsupported Summarizer API languages were specified, and the request was aborted. API calls must only specify supported languages to ensure successful processing and guarantee output characteristics. Please only specify supported language codes: [de, en, es, fr, ja] @ https://www.nike.com/149e9513-01fa-4fb0-aad4-566afd725d1b/2d206a39-8ed7-437e-a3be-862e0f06eea3/fp?x-kpsdk-v=j-1.2.797:0
[    3049ms] [WARNING] The requested language options are not supported. @ https://www.nike.com/149e9513-01fa-4fb0-aad4-566afd725d1b/2d206a39-8ed7-437e-a3be-862e0f06eea3/fp?x-kpsdk-v=j-1.2.797:0
[    3050ms] [WARNING] The requested language options are not supported. @ https://www.nike.com/149e9513-01fa-4fb0-aad4-566afd725d1b/2d206a39-8ed7-437e-a3be-862e0f06eea3/fp?x-kpsdk-v=j-1.2.797:0
[    3050ms] [WARNING] The requested language options are not supported. @ https://www.nike.com/149e9513-01fa-4fb0-aad4-566afd725d1b/2d206a39-8ed7-437e-a3be-862e0f06eea3/fp?x-kpsdk-v=j-1.2.797:0
[    3051ms] [WARNING] Unable to create a text session because the service is not running. @ https://www.nike.com/149e9513-01fa-4fb0-aad4-566afd725d1b/2d206a39-8ed7-437e-a3be-862e0f06eea3/fp?x-kpsdk-v=j-1.2.797:0
[    3051ms] [WARNING] The requested language options are not supported. @ https://www.nike.com/149e9513-01fa-4fb0-aad4-566afd725d1b/2d206a39-8ed7-437e-a3be-862e0f06eea3/fp?x-kpsdk-v=j-1.2.797:0
[    3051ms] [WARNING] The requested language options are not supported. @ https://www.nike.com/149e9513-01fa-4fb0-aad4-566afd725d1b/2d206a39-8ed7-437e-a3be-862e0f06eea3/fp?x-kpsdk-v=j-1.2.797:0
[    3172ms] [WARNING] No available adapters. @ https://www.nike.com/149e9513-01fa-4fb0-aad4-566afd725d1b/2d206a39-8ed7-437e-a3be-862e0f06eea3/fp?x-kpsdk-v=j-1.2.797:0
[    3174ms] [LOG] Received the onEmbeddedMessagingReady event… @ https://www.nike.com/kr/w/men-running-shoes-37v7jznik1zy7ok:18
[    3312ms] [LOG] Error @ :2
[    3852ms] [WARNING] [NikeShop] `store` is deprecated and will be removed in a future release. Migrate to React Query hooks. See #help-cart-wishlist-ux for guidance. Called: subscribe() @ https://www.nike.com/kr/w/men-running-shoes-37v7jznik1zy7ok:18
[    4168ms] [ERROR] Failed to load resource: the server responded with a status of 403 () @ https://api.nike.com/buy/carts/v2/KR/NIKE/NIKECOM:0
[    6474ms] [WARNING] The resource https://nikeconsumerservices.my.site.com/ESWWebKoreanGuest1710550722775/webruntime/framework/bca17fddfe/prod/lwr_app_bootstrap_hook was preloaded using link preload but not used within a few seconds from the window's load event. Please make sure it has an appropriate `as` value and it is preloaded intentionally. @ https://nikeconsumerservices.my.site.com/ESWWebKoreanGuest1710550722775/assets/htdocs/sitecontext.min.html?parent_domain=https%3A%2F%2Fwww.nike.com:0
[    6474ms] [WARNING] The resource https://nikeconsumerservices.my.site.com/ESWWebKoreanGuest1710550722775/assets/styles/salesforce-lightning-design-system.min.css?1eea428a20 was preloaded using link preload but not used within a few seconds from the window's load event. Please make sure it has an appropriate `as` value and it is preloaded intentionally. @ https://nikeconsumerservices.my.site.com/ESWWebKoreanGuest1710550722775/assets/htdocs/sitecontext.min.html?parent_domain=https%3A%2F%2Fwww.nike.com:0
[    6474ms] [WARNING] The resource https://nikeconsumerservices.my.site.com/ESWWebKoreanGuest1710550722775/webruntime/view/f61bc0581f874c519ad190b5f83ad1b5/prod/en-US/home_view was preloaded using link preload but not used within a few seconds from the window's load event. Please make sure it has an appropriate `as` value and it is preloaded intentionally. @ https://nikeconsumerservices.my.site.com/ESWWebKoreanGuest1710550722775/assets/htdocs/sitecontext.min.html?parent_domain=https%3A%2F%2Fwww.nike.com:0
[    6474ms] [WARNING] The resource https://nikeconsumerservices.my.site.com/ESWWebKoreanGuest1710550722775/assets/styles/embedded-messaging-styling.min.css?1eea428a20 was preloaded using link preload but not used within a few seconds from the window's load event. Please make sure it has an appropriate `as` value and it is preloaded intentionally. @ https://nikeconsumerservices.my.site.com/ESWWebKoreanGuest1710550722775/assets/htdocs/sitecontext.min.html?parent_domain=https%3A%2F%2Fwww.nike.com:0
[    6474ms] [WARNING] The resource https://nikeconsumerservices.my.site.com/ESWWebKoreanGuest1710550722775/webruntime/framework/c6f5ab53a7/prod/lwr_lwc was preloaded using link preload but not used within a few seconds from the window's load event. Please make sure it has an appropriate `as` value and it is preloaded intentionally. @ https://nikeconsumerservices.my.site.com/ESWWebKoreanGuest1710550722775/assets/htdocs/sitecontext.min.html?parent_domain=https%3A%2F%2Fwww.nike.com:0
[    6474ms] [WARNING] The resource https://nikeconsumerservices.my.site.com/ESWWebKoreanGuest1710550722775/webruntime/component/5b8557d8725fba2dbf2e6a4968ec430c/prod/en-US/force/luvioRuntimeWebruntime_cmp was preloaded using link preload but not used within a few seconds from the window's load event. Please make sure it has an appropriate `as` value and it is preloaded intentionally. @ https://nikeconsumerservices.my.site.com/ESWWebKoreanGuest1710550722775/assets/htdocs/sitecontext.min.html?parent_domain=https%3A%2F%2Fwww.nike.com:0
[    6475ms] [WARNING] The resource https://nikeconsumerservices.my.site.com/ESWWebKoreanGuest1710550722775/webruntime/framework/74ca6e7c5e/prod/lwr_bootstrap was preloaded using link preload but not used within a few seconds from the window's load event. Please make sure it has an appropriate `as` value and it is preloaded intentionally. @ https://nikeconsumerservices.my.site.com/ESWWebKoreanGuest1710550722775/assets/htdocs/sitecontext.min.html?parent_domain=https%3A%2F%2Fwww.nike.com:0
[    6475ms] [WARNING] The resource https://nikeconsumerservices.my.site.com/ESWWebKoreanGuest1710550722775/webruntime/framework/697ce32e59/prod/lwr_loader was preloaded using link preload but not used within a few seconds from the window's load event. Please make sure it has an appropriate `as` value and it is preloaded intentionally. @ https://nikeconsumerservices.my.site.com/ESWWebKoreanGuest1710550722775/assets/htdocs/sitecontext.min.html?parent_domain=https%3A%2F%2Fwww.nike.com:0
[    6475ms] [WARNING] The resource https://nikeconsumerservices.my.site.com/ESWWebKoreanGuest1710550722775/webruntime/framework/520b1704c9/prod/lwr_app was preloaded using link preload but not used within a few seconds from the window's load event. Please make sure it has an appropriate `as` value and it is preloaded intentionally. @ https://nikeconsumerservices.my.site.com/ESWWebKoreanGuest1710550722775/assets/htdocs/sitecontext.min.html?parent_domain=https%3A%2F%2Fwww.nike.com:0
[    6475ms] [WARNING] The resource https://nikeconsumerservices.my.site.com/ESWWebKoreanGuest1710550722775/webruntime/view/fd773c11c1582c0c6d4e4963d65a0ff4/prod/en-US/frame_view was preloaded using link preload but not used within a few seconds from the window's load event. Please make sure it has an appropriate `as` value and it is preloaded intentionally. @ https://nikeconsumerservices.my.site.com/ESWWebKoreanGuest1710550722775/assets/htdocs/sitecontext.min.html?parent_domain=https%3A%2F%2Fwww.nike.com:0
[    6475ms] [WARNING] The resource https://nikeconsumerservices.my.site.com/ESWWebKoreanGuest1710550722775/webruntime/component/259a789b5905e4a3e65c0942cc97421d/prod/en-US/force/luvioLwcBindings_cmp was preloaded using link preload but not used within a few seconds from the window's load event. Please make sure it has an appropriate `as` value and it is preloaded intentionally. @ https://nikeconsumerservices.my.site.com/ESWWebKoreanGuest1710550722775/assets/htdocs/sitecontext.min.html?parent_domain=https%3A%2F%2Fwww.nike.com:0
