[     215ms] [LOG] IM feedback run:true @ https://dispawsusva.inmoment.com/intercept/v1/2590/604a1hfxVIAJXGgLN1w==/extra.js?testing=false:47
[     221ms] [LOG] IMt->site exit @ https://dispawsusva.inmoment.com/intercept/v1/2590/604a1hfxVIAJXGgLN1w==/extra.js?testing=false:145
[     221ms] [LOG] IM->isInterceptSuppressed @ https://dispawsusva.inmoment.com/intercept/v1/customJS/2590/604a1hfxVIAJXGgLN1w==?loadTestCustomJS=false:643
[     221ms] [LOG] {intId: 1643, type: site_exit} @ https://dispawsusva.inmoment.com/intercept/v1/customJS/2590/604a1hfxVIAJXGgLN1w==?loadTestCustomJS=false:644
[     222ms] [LOG] true @ https://dispawsusva.inmoment.com/intercept/v1/customJS/2590/604a1hfxVIAJXGgLN1w==?loadTestCustomJS=false:735
[     222ms] [LOG] IMt->site exit->suppressed @ https://dispawsusva.inmoment.com/intercept/v1/2590/604a1hfxVIAJXGgLN1w==/extra.js?testing=false:147
[     229ms] [VERBOSE] [DOM] Input elements should have autocomplete attributes (suggested: "new-password"): (More info: https://goo.gl/9p2vKq) %o @ https://www.asics.com/us/en-us/gel-kayano-33/p/ANA_1011C167-101.html:0
[     715ms] [LOG] Custom Analytics code ran for IDEA-1297 V2 OA login nudge_ANA @ https://cdn.dynamicyield.com/api/8774246/api_dynamic.js:0
[     733ms] [LOG] Custom Analytics code ran for IDEA-1169 PDP Images hotspots-techsheets_ANA @ https://cdn.dynamicyield.com/api/8774246/api_dynamic.js:0
[     756ms] [LOG] Custom Analytics code ran for IDEA-1286 Shop the look with hotspots ANA @ https://cdn.dynamicyield.com/api/8774246/api_dynamic.js:0
[     775ms] [LOG] Custom Analytics code ran for IDEA-1159 PDP Layout ANA @ https://cdn.dynamicyield.com/api/8774246/api_dynamic.js:0
[     888ms] [LOG] [DY Hotspots] Element to hide not found: [data-test="product-specs"] > div > div > p > img[width="100%"] @ :628
[     888ms] [LOG] [DY Hotspots] Rendered for SKU: 1011C167 @ :634
[    1682ms] [LOG] Active Data scripts loaded successfully @ https://www.asics.com/us/mobify/bundle/9928/main.js:0
[    1689ms] [WARNING] Google Maps JavaScript API has been loaded directly without loading=async. This can result in suboptimal performance. For best-practice loading patterns please see https://goo.gle/js-api-loading @ https://maps.googleapis.com/maps/api/js?key=AIzaSyDqstP8RWMwkuJYsaWQ29dZFim3506MteA&libraries=geometry,marker:1076
[    1743ms] [LOG] token config = {email: , phonenumber: , gdpr: Object, ttl: 9600} @ https://www.googletagmanager.com/gtm.js?id=GTM-MZMX5LM8:1048
[    1769ms] [WARNING] BV Loader should only be called once per page. @ https://apps.bazaarvoice.com/bv.js:22
[    2272ms] [WARNING] Geolocation permission has been blocked as the user has ignored the permission prompt several times. This can be reset in Page Info which can be accessed by clicking the tune icon next to the URL. See https://www.chromestatus.com/feature/6443143280984064 for more information. @ https://www.asics.com/us/en-us/gt-2000-15/p/ANA_1011C235-001.html:0
[    2272ms] [LOG] GeolocationPositionError @ https://www.locally.com/stores/map.js?company_name=ASICS&button_text=%3Aheart%3A&button_id=HTML&company_id=1682&css=6&upc=199023356208&n_related_styles=3&show_location_switcher=1&show_location_prompt=1&show_dealers=1&n_dealers=2&link_opens_modal=1&zoom=9&dealers_company_id=1682&browser_location_shared=0&v=1704067200000&is_reload=1:1160
[    3114ms] [WARNING] [Meta Pixel] - Duplicate Pixel ID: 1445141868842740. @ https://connect.facebook.net/en_US/fbevents.js:203
[    3163ms] [WARNING] [Meta Pixel] - Duplicate Pixel ID: 516344208573191. @ https://connect.facebook.net/en_US/fbevents.js:203
[    3209ms] [WARNING] [Meta Pixel] - Duplicate Pixel ID: 357483877954567. @ https://connect.facebook.net/en_US/fbevents.js:203
[    3295ms] [WARNING] Unrecognized feature: 'attribution-reporting'. @ https://c.amazon-adsystem.com/aat/amzn.js:1
[    3470ms] [LOG] IM feedback run:true @ https://dispawsusva.inmoment.com/intercept/v1/2590/604a1hfxVIAJXGgLN1w==/extra.js?testing=false:47
[    3475ms] [LOG] IMt->site exit @ https://dispawsusva.inmoment.com/intercept/v1/2590/604a1hfxVIAJXGgLN1w==/extra.js?testing=false:145
[    3475ms] [LOG] IM->isInterceptSuppressed @ https://dispawsusva.inmoment.com/intercept/v1/customJS/2590/604a1hfxVIAJXGgLN1w==?loadTestCustomJS=false:643
[    3475ms] [LOG] {intId: 1643, type: site_exit} @ https://dispawsusva.inmoment.com/intercept/v1/customJS/2590/604a1hfxVIAJXGgLN1w==?loadTestCustomJS=false:644
[    3476ms] [LOG] true @ https://dispawsusva.inmoment.com/intercept/v1/customJS/2590/604a1hfxVIAJXGgLN1w==?loadTestCustomJS=false:735
[    3476ms] [LOG] IMt->site exit->suppressed @ https://dispawsusva.inmoment.com/intercept/v1/2590/604a1hfxVIAJXGgLN1w==/extra.js?testing=false:147
[    3490ms] [VERBOSE] [DOM] Input elements should have autocomplete attributes (suggested: "new-password"): (More info: https://goo.gl/9p2vKq) %o @ https://www.asics.com/us/en-us/gt-2000-15/p/ANA_1011C235-001.html:0
[    4388ms] [LOG] Custom Analytics code ran for IDEA-1297 V2 OA login nudge_ANA @ https://cdn.dynamicyield.com/api/8774246/api_dynamic.js:0
[    4405ms] [LOG] Custom Analytics code ran for IDEA-1169 PDP Images hotspots-techsheets_ANA @ https://cdn.dynamicyield.com/api/8774246/api_dynamic.js:0
[    4427ms] [LOG] Custom Analytics code ran for IDEA-1286 Shop the look with hotspots ANA @ https://cdn.dynamicyield.com/api/8774246/api_dynamic.js:0
[    4444ms] [LOG] Custom Analytics code ran for IDEA-1159 PDP Layout ANA @ https://cdn.dynamicyield.com/api/8774246/api_dynamic.js:0
[    4555ms] [LOG] [DY Hotspots] Element to hide not found: [data-test="product-specs"] > div > div > p > img[width="100%"] @ :628
[    4555ms] [LOG] [DY Hotspots] Rendered for SKU: 1011C235 @ :634
[    5378ms] [WARNING] The resource https://asicsdigitalinc.my.site.com/ESWMIAWANAWebChat1749030991527/sfsites/c/resource/CustomMIAWStyles/base/text.css?de01dd50b8 was preloaded using link preload but not used within a few seconds from the window's load event. Please make sure it has an appropriate `as` value and it is preloaded intentionally. @ https://asicsdigitalinc.my.site.com/ESWMIAWANAWebChat1749030991527/assets/htdocs/sitecontext.min.html?parent_domain=https%3A%2F%2Fwww.asics.com:0
[    5378ms] [WARNING] The resource https://asicsdigitalinc.my.site.com/ESWMIAWANAWebChat1749030991527/webruntime/view/62aa896a5850ab40792eb0cbef1b8719/prod/en-US/frame_view was preloaded using link preload but not used within a few seconds from the window's load event. Please make sure it has an appropriate `as` value and it is preloaded intentionally. @ https://asicsdigitalinc.my.site.com/ESWMIAWANAWebChat1749030991527/assets/htdocs/sitecontext.min.html?parent_domain=https%3A%2F%2Fwww.asics.com:0
[    5378ms] [WARNING] The resource https://asicsdigitalinc.my.site.com/ESWMIAWANAWebChat1749030991527/webruntime/view/215814235498c24e808866de1f00232e/prod/en-US/home_view was preloaded using link preload but not used within a few seconds from the window's load event. Please make sure it has an appropriate `as` value and it is preloaded intentionally. @ https://asicsdigitalinc.my.site.com/ESWMIAWANAWebChat1749030991527/assets/htdocs/sitecontext.min.html?parent_domain=https%3A%2F%2Fwww.asics.com:0
[    5378ms] [WARNING] The resource https://asicsdigitalinc.my.site.com/ESWMIAWANAWebChat1749030991527/webruntime/framework/c6f5ab53a7/prod/lwr_lwc was preloaded using link preload but not used within a few seconds from the window's load event. Please make sure it has an appropriate `as` value and it is preloaded intentionally. @ https://asicsdigitalinc.my.site.com/ESWMIAWANAWebChat1749030991527/assets/htdocs/sitecontext.min.html?parent_domain=https%3A%2F%2Fwww.asics.com:0
[    5378ms] [WARNING] The resource https://asicsdigitalinc.my.site.com/ESWMIAWANAWebChat1749030991527/sfsites/c/resource/CustomMIAWStyles/components/header/header.css?de01dd50b8 was preloaded using link preload but not used within a few seconds from the window's load event. Please make sure it has an appropriate `as` value and it is preloaded intentionally. @ https://asicsdigitalinc.my.site.com/ESWMIAWANAWebChat1749030991527/assets/htdocs/sitecontext.min.html?parent_domain=https%3A%2F%2Fwww.asics.com:0
[    5378ms] [WARNING] The resource https://asicsdigitalinc.my.site.com/ESWMIAWANAWebChat1749030991527/sfsites/c/resource/CustomMIAWStyles/components/minimized/notification.css?de01dd50b8 was preloaded using link preload but not used within a few seconds from the window's load event. Please make sure it has an appropriate `as` value and it is preloaded intentionally. @ https://asicsdigitalinc.my.site.com/ESWMIAWANAWebChat1749030991527/assets/htdocs/sitecontext.min.html?parent_domain=https%3A%2F%2Fwww.asics.com:0
[    5379ms] [WARNING] The resource https://asicsdigitalinc.my.site.com/ESWMIAWANAWebChat1749030991527/assets/styles/embedded-messaging-styling.min.css?de01dd50b8 was preloaded using link preload but not used within a few seconds from the window's load event. Please make sure it has an appropriate `as` value and it is preloaded intentionally. @ https://asicsdigitalinc.my.site.com/ESWMIAWANAWebChat1749030991527/assets/htdocs/sitecontext.min.html?parent_domain=https%3A%2F%2Fwww.asics.com:0
[    5379ms] [WARNING] The resource https://asicsdigitalinc.my.site.com/ESWMIAWANAWebChat1749030991527/sfsites/c/resource/CustomMIAWStyles/tokens/variables.css?de01dd50b8 was preloaded using link preload but not used within a few seconds from the window's load event. Please make sure it has an appropriate `as` value and it is preloaded intentionally. @ https://asicsdigitalinc.my.site.com/ESWMIAWANAWebChat1749030991527/assets/htdocs/sitecontext.min.html?parent_domain=https%3A%2F%2Fwww.asics.com:0
[    5379ms] [WARNING] The resource https://asicsdigitalinc.my.site.com/ESWMIAWANAWebChat1749030991527/webruntime/component/5b8557d8725fba2dbf2e6a4968ec430c/prod/en-US/force/luvioRuntimeWebruntime_cmp was preloaded using link preload but not used within a few seconds from the window's load event. Please make sure it has an appropriate `as` value and it is preloaded intentionally. @ https://asicsdigitalinc.my.site.com/ESWMIAWANAWebChat1749030991527/assets/htdocs/sitecontext.min.html?parent_domain=https%3A%2F%2Fwww.asics.com:0
[    5379ms] [WARNING] The resource https://asicsdigitalinc.my.site.com/ESWMIAWANAWebChat1749030991527/webruntime/framework/6ce0b87300/prod/lwr_loader was preloaded using link preload but not used within a few seconds from the window's load event. Please make sure it has an appropriate `as` value and it is preloaded intentionally. @ https://asicsdigitalinc.my.site.com/ESWMIAWANAWebChat1749030991527/assets/htdocs/sitecontext.min.html?parent_domain=https%3A%2F%2Fwww.asics.com:0
[    5379ms] [WARNING] The resource https://asicsdigitalinc.my.site.com/ESWMIAWANAWebChat1749030991527/webruntime/framework/cb2c1a2c50/prod/lwr_app_bootstrap_hook was preloaded using link preload but not used within a few seconds from the window's load event. Please make sure it has an appropriate `as` value and it is preloaded intentionally. @ https://asicsdigitalinc.my.site.com/ESWMIAWANAWebChat1749030991527/assets/htdocs/sitecontext.min.html?parent_domain=https%3A%2F%2Fwww.asics.com:0
[    5379ms] [WARNING] The resource https://asicsdigitalinc.my.site.com/ESWMIAWANAWebChat1749030991527/webruntime/component/259a789b5905e4a3e65c0942cc97421d/prod/en-US/force/luvioLwcBindings_cmp was preloaded using link preload but not used within a few seconds from the window's load event. Please make sure it has an appropriate `as` value and it is preloaded intentionally. @ https://asicsdigitalinc.my.site.com/ESWMIAWANAWebChat1749030991527/assets/htdocs/sitecontext.min.html?parent_domain=https%3A%2F%2Fwww.asics.com:0
[    5379ms] [WARNING] The resource https://asicsdigitalinc.my.site.com/ESWMIAWANAWebChat1749030991527/assets/styles/salesforce-lightning-design-system.min.css?de01dd50b8 was preloaded using link preload but not used within a few seconds from the window's load event. Please make sure it has an appropriate `as` value and it is preloaded intentionally. @ https://asicsdigitalinc.my.site.com/ESWMIAWANAWebChat1749030991527/assets/htdocs/sitecontext.min.html?parent_domain=https%3A%2F%2Fwww.asics.com:0
[    5379ms] [WARNING] The resource https://asicsdigitalinc.my.site.com/ESWMIAWANAWebChat1749030991527/sfsites/c/resource/CustomMIAWStyles/components/conversation/choice-menu.css?de01dd50b8 was preloaded using link preload but not used within a few seconds from the window's load event. Please make sure it has an appropriate `as` value and it is preloaded intentionally. @ https://asicsdigitalinc.my.site.com/ESWMIAWANAWebChat1749030991527/assets/htdocs/sitecontext.min.html?parent_domain=https%3A%2F%2Fwww.asics.com:0
[    5379ms] [WARNING] The resource https://asicsdigitalinc.my.site.com/ESWMIAWANAWebChat1749030991527/webruntime/framework/6186554a8e/prod/lwr_app was preloaded using link preload but not used within a few seconds from the window's load event. Please make sure it has an appropriate `as` value and it is preloaded intentionally. @ https://asicsdigitalinc.my.site.com/ESWMIAWANAWebChat1749030991527/assets/htdocs/sitecontext.min.html?parent_domain=https%3A%2F%2Fwww.asics.com:0
[    5379ms] [WARNING] The resource https://asicsdigitalinc.my.site.com/ESWMIAWANAWebChat1749030991527/sfsites/c/resource/CustomMIAWStyles/components/pre-chat/form.css?de01dd50b8 was preloaded using link preload but not used within a few seconds from the window's load event. Please make sure it has an appropriate `as` value and it is preloaded intentionally. @ https://asicsdigitalinc.my.site.com/ESWMIAWANAWebChat1749030991527/assets/htdocs/sitecontext.min.html?parent_domain=https%3A%2F%2Fwww.asics.com:0
[    5379ms] [WARNING] The resource https://asicsdigitalinc.my.site.com/ESWMIAWANAWebChat1749030991527/webruntime/framework/b73515aaa5/prod/lwr_bootstrap was preloaded using link preload but not used within a few seconds from the window's load event. Please make sure it has an appropriate `as` value and it is preloaded intentionally. @ https://asicsdigitalinc.my.site.com/ESWMIAWANAWebChat1749030991527/assets/htdocs/sitecontext.min.html?parent_domain=https%3A%2F%2Fwww.asics.com:0
[    5379ms] [WARNING] The resource https://asicsdigitalinc.my.site.com/ESWMIAWANAWebChat1749030991527/sfsites/c/resource/CustomMIAWStyles/components/conversation/message-bubble.css?de01dd50b8 was preloaded using link preload but not used within a few seconds from the window's load event. Please make sure it has an appropriate `as` value and it is preloaded intentionally. @ https://asicsdigitalinc.my.site.com/ESWMIAWANAWebChat1749030991527/assets/htdocs/sitecontext.min.html?parent_domain=https%3A%2F%2Fwww.asics.com:0
[   12477ms] [WARNING] The resource https://www.asics.com/us/mobify/bundle/9750/static/font/ASICSFont3.0-Bold.woff2 was preloaded using link preload but not used within a few seconds from the window's load event. Please make sure it has an appropriate `as` value and it is preloaded intentionally. @ https://www.asics.com/us/en-us/gt-2000-15/p/ANA_1011C235-001.html:0
[   12477ms] [WARNING] The resource https://www.asics.com/us/mobify/bundle/9750/static/font/ASICSFont3.0-Regular.woff2 was preloaded using link preload but not used within a few seconds from the window's load event. Please make sure it has an appropriate `as` value and it is preloaded intentionally. @ https://www.asics.com/us/en-us/gt-2000-15/p/ANA_1011C235-001.html:0
[   12477ms] [WARNING] The resource https://www.asics.com/us/mobify/bundle/9750/static/font/ASICSSportstyle_W_Rg.woff2 was preloaded using link preload but not used within a few seconds from the window's load event. Please make sure it has an appropriate `as` value and it is preloaded intentionally. @ https://www.asics.com/us/en-us/gt-2000-15/p/ANA_1011C235-001.html:0
[   13971ms] [ERROR] Give up on exposing the group! No utag.link found @ :13
[   29859ms] [WARNING] The resource https://www.asics.com/us/mobify/bundle/9750/static/font/ASICSFont3.0-Bold.woff2 was preloaded using link preload but not used within a few seconds from the window's load event. Please make sure it has an appropriate `as` value and it is preloaded intentionally. @ https://www.asics.com/us/en-us/gt-2000-15/p/ANA_1011C235-001.html:0
[   29859ms] [WARNING] The resource https://www.asics.com/us/mobify/bundle/9750/static/font/ASICSFont3.0-Regular.woff2 was preloaded using link preload but not used within a few seconds from the window's load event. Please make sure it has an appropriate `as` value and it is preloaded intentionally. @ https://www.asics.com/us/en-us/gt-2000-15/p/ANA_1011C235-001.html:0
[   29859ms] [WARNING] The resource https://www.asics.com/us/mobify/bundle/9750/static/font/ASICSSportstyle_W_Rg.woff2 was preloaded using link preload but not used within a few seconds from the window's load event. Please make sure it has an appropriate `as` value and it is preloaded intentionally. @ https://www.asics.com/us/en-us/gt-2000-15/p/ANA_1011C235-001.html:0
[  185887ms] [WARNING] The resource https://www.asics.com/us/mobify/bundle/9750/static/font/ASICSFont3.0-Bold.woff2 was preloaded using link preload but not used within a few seconds from the window's load event. Please make sure it has an appropriate `as` value and it is preloaded intentionally. @ https://www.asics.com/us/en-us/gt-2000-15/p/ANA_1011C235-001.html:0
[  185887ms] [WARNING] The resource https://www.asics.com/us/mobify/bundle/9750/static/font/ASICSFont3.0-Regular.woff2 was preloaded using link preload but not used within a few seconds from the window's load event. Please make sure it has an appropriate `as` value and it is preloaded intentionally. @ https://www.asics.com/us/en-us/gt-2000-15/p/ANA_1011C235-001.html:0
[  185887ms] [WARNING] The resource https://www.asics.com/us/mobify/bundle/9750/static/font/ASICSSportstyle_W_Rg.woff2 was preloaded using link preload but not used within a few seconds from the window's load event. Please make sure it has an appropriate `as` value and it is preloaded intentionally. @ https://www.asics.com/us/en-us/gt-2000-15/p/ANA_1011C235-001.html:0
[  206137ms] [WARNING] The resource https://www.asics.com/us/mobify/bundle/9750/static/font/ASICSFont3.0-Bold.woff2 was preloaded using link preload but not used within a few seconds from the window's load event. Please make sure it has an appropriate `as` value and it is preloaded intentionally. @ https://www.asics.com/us/en-us/gt-2000-15/p/ANA_1011C235-001.html:0
[  206137ms] [WARNING] The resource https://www.asics.com/us/mobify/bundle/9750/static/font/ASICSFont3.0-Regular.woff2 was preloaded using link preload but not used within a few seconds from the window's load event. Please make sure it has an appropriate `as` value and it is preloaded intentionally. @ https://www.asics.com/us/en-us/gt-2000-15/p/ANA_1011C235-001.html:0
[  206137ms] [WARNING] The resource https://www.asics.com/us/mobify/bundle/9750/static/font/ASICSSportstyle_W_Rg.woff2 was preloaded using link preload but not used within a few seconds from the window's load event. Please make sure it has an appropriate `as` value and it is preloaded intentionally. @ https://www.asics.com/us/en-us/gt-2000-15/p/ANA_1011C235-001.html:0
